<?xml version="1.0" encoding="ISO-8859-1" ?>
<link_info>
   <banner>TI ARM Linker PC v20.2.7.LTS</banner>
   <copyright>Copyright (c) 1996-2018 Texas Instruments Incorporated</copyright>
   <link_time>0x6429e811</link_time>
   <link_errors>0x0</link_errors>
   <output_file>gpiointerrupt_CC3220S_LAUNCHXL_nortos_ccs.out</output_file>
   <entry_point>
      <name>resetISR</name>
      <address>0x2000e451</address>
   </entry_point>
   <input_file_list>
      <input_file id="fl-2">
         <path>.\</path>
         <kind>object</kind>
         <file>gpiointerrupt.obj</file>
         <name>gpiointerrupt.obj</name>
      </input_file>
      <input_file id="fl-3">
         <path>.\syscfg\</path>
         <kind>object</kind>
         <file>ti_drivers_config.obj</file>
         <name>ti_drivers_config.obj</name>
      </input_file>
      <input_file id="fl-4">
         <path>.\</path>
         <kind>object</kind>
         <file>main_nortos.obj</file>
         <name>main_nortos.obj</name>
      </input_file>
      <input_file id="fl-d">
         <kind>object</kind>
         <file>&lt;internal&gt;</file>
         <name>&lt;internal&gt;</name>
      </input_file>
      <input_file id="fl-e">
         <path>C:\ti\simplelink_cc32xx_sdk_6_10_00_05\source\ti\drivers\lib\ccs\m4\</path>
         <kind>archive</kind>
         <file>drivers_cc32xx.a</file>
         <name>GPIO.oem4</name>
      </input_file>
      <input_file id="fl-f">
         <path>C:\ti\simplelink_cc32xx_sdk_6_10_00_05\source\ti\drivers\lib\ccs\m4\</path>
         <kind>archive</kind>
         <file>drivers_cc32xx.a</file>
         <name>Timer.oem4</name>
      </input_file>
      <input_file id="fl-10">
         <path>C:\ti\simplelink_cc32xx_sdk_6_10_00_05\source\ti\drivers\lib\ccs\m4\</path>
         <kind>archive</kind>
         <file>drivers_cc32xx.a</file>
         <name>GPIOCC32XX.oem4</name>
      </input_file>
      <input_file id="fl-11">
         <path>C:\ti\simplelink_cc32xx_sdk_6_10_00_05\source\ti\drivers\lib\ccs\m4\</path>
         <kind>archive</kind>
         <file>drivers_cc32xx.a</file>
         <name>PowerCC32XX.oem4</name>
      </input_file>
      <input_file id="fl-12">
         <path>C:\ti\simplelink_cc32xx_sdk_6_10_00_05\source\ti\drivers\lib\ccs\m4\</path>
         <kind>archive</kind>
         <file>drivers_cc32xx.a</file>
         <name>PowerCC32XX_asm.oem4</name>
      </input_file>
      <input_file id="fl-13">
         <path>C:\ti\simplelink_cc32xx_sdk_6_10_00_05\source\ti\drivers\lib\ccs\m4\</path>
         <kind>archive</kind>
         <file>drivers_cc32xx.a</file>
         <name>TimerCC32XX.oem4</name>
      </input_file>
      <input_file id="fl-14">
         <path>C:\ti\simplelink_cc32xx_sdk_6_10_00_05\source\ti\drivers\lib\ccs\m4\</path>
         <kind>archive</kind>
         <file>drivers_cc32xx.a</file>
         <name>List.oem4</name>
      </input_file>
      <input_file id="fl-15">
         <path>C:\ti\simplelink_cc32xx_sdk_6_10_00_05\kernel\nortos\lib\ccs\m4\</path>
         <kind>archive</kind>
         <file>nortos_cc32xx.a</file>
         <name>posix_sleep.oem4</name>
      </input_file>
      <input_file id="fl-16">
         <path>C:\ti\simplelink_cc32xx_sdk_6_10_00_05\kernel\nortos\lib\ccs\m4\</path>
         <kind>archive</kind>
         <file>nortos_cc32xx.a</file>
         <name>NoRTOS.oem4</name>
      </input_file>
      <input_file id="fl-17">
         <path>C:\ti\simplelink_cc32xx_sdk_6_10_00_05\kernel\nortos\lib\ccs\m4\</path>
         <kind>archive</kind>
         <file>nortos_cc32xx.a</file>
         <name>SemaphoreP_nortos.oem4</name>
      </input_file>
      <input_file id="fl-18">
         <path>C:\ti\simplelink_cc32xx_sdk_6_10_00_05\kernel\nortos\lib\ccs\m4\</path>
         <kind>archive</kind>
         <file>nortos_cc32xx.a</file>
         <name>ClockPSysTick_nortos.oem4</name>
      </input_file>
      <input_file id="fl-19">
         <path>C:\ti\simplelink_cc32xx_sdk_6_10_00_05\kernel\nortos\lib\ccs\m4\</path>
         <kind>archive</kind>
         <file>nortos_cc32xx.a</file>
         <name>HwiPCC32XX_nortos.oem4</name>
      </input_file>
      <input_file id="fl-1a">
         <path>C:\ti\simplelink_cc32xx_sdk_6_10_00_05\kernel\nortos\lib\ccs\m4\</path>
         <kind>archive</kind>
         <file>nortos_cc32xx.a</file>
         <name>PowerCC32XX_nortos.oem4</name>
      </input_file>
      <input_file id="fl-1b">
         <path>C:\ti\simplelink_cc32xx_sdk_6_10_00_05\kernel\nortos\lib\ccs\m4\</path>
         <kind>archive</kind>
         <file>nortos_cc32xx.a</file>
         <name>startup_cc32xx_ccs.oem4</name>
      </input_file>
      <input_file id="fl-1c">
         <path>C:\ti\simplelink_cc32xx_sdk_6_10_00_05\kernel\nortos\lib\ccs\m4\</path>
         <kind>archive</kind>
         <file>nortos_cc32xx.a</file>
         <name>SwiP_nortos.oem4</name>
      </input_file>
      <input_file id="fl-1d">
         <path>C:\ti\simplelink_cc32xx_sdk_6_10_00_05\kernel\nortos\lib\ccs\m4\</path>
         <kind>archive</kind>
         <file>nortos_cc32xx.a</file>
         <name>QueueP_nortos.oem4</name>
      </input_file>
      <input_file id="fl-1e">
         <path>C:\ti\simplelink_cc32xx_sdk_6_10_00_05\source\ti\devices\cc32xx\driverlib\ccs\Release\</path>
         <kind>archive</kind>
         <file>driverlib.a</file>
         <name>cpu.obj</name>
      </input_file>
      <input_file id="fl-1f">
         <path>C:\ti\simplelink_cc32xx_sdk_6_10_00_05\source\ti\devices\cc32xx\driverlib\ccs\Release\</path>
         <kind>archive</kind>
         <file>driverlib.a</file>
         <name>interrupt.obj</name>
      </input_file>
      <input_file id="fl-20">
         <path>C:\ti\simplelink_cc32xx_sdk_6_10_00_05\source\ti\devices\cc32xx\driverlib\ccs\Release\</path>
         <kind>archive</kind>
         <file>driverlib.a</file>
         <name>pin.obj</name>
      </input_file>
      <input_file id="fl-21">
         <path>C:\ti\simplelink_cc32xx_sdk_6_10_00_05\source\ti\devices\cc32xx\driverlib\ccs\Release\</path>
         <kind>archive</kind>
         <file>driverlib.a</file>
         <name>prcm.obj</name>
      </input_file>
      <input_file id="fl-22">
         <path>C:\ti\simplelink_cc32xx_sdk_6_10_00_05\source\ti\devices\cc32xx\driverlib\ccs\Release\</path>
         <kind>archive</kind>
         <file>driverlib.a</file>
         <name>timer.obj</name>
      </input_file>
      <input_file id="fl-23">
         <path>C:\ti\simplelink_cc32xx_sdk_6_10_00_05\source\ti\devices\cc32xx\driverlib\ccs\Release\</path>
         <kind>archive</kind>
         <file>driverlib.a</file>
         <name>utils.obj</name>
      </input_file>
      <input_file id="fl-24">
         <path>C:\ti\simplelink_cc32xx_sdk_6_10_00_05\source\ti\devices\cc32xx\driverlib\ccs\Release\</path>
         <kind>archive</kind>
         <file>driverlib.a</file>
         <name>flash.obj</name>
      </input_file>
      <input_file id="fl-da">
         <path>C:\ti\ccs1220\ccs\tools\compiler\ti-cgt-arm_20.2.7.LTS\lib\</path>
         <kind>archive</kind>
         <file>rtsv7M4_T_le_eabi.lib</file>
         <name>ll_mul_t2.asm.obj</name>
      </input_file>
      <input_file id="fl-db">
         <path>C:\ti\ccs1220\ccs\tools\compiler\ti-cgt-arm_20.2.7.LTS\lib\</path>
         <kind>archive</kind>
         <file>rtsv7M4_T_le_eabi.lib</file>
         <name>memcpy_t2.asm.obj</name>
      </input_file>
      <input_file id="fl-dc">
         <path>C:\ti\ccs1220\ccs\tools\compiler\ti-cgt-arm_20.2.7.LTS\lib\</path>
         <kind>archive</kind>
         <file>rtsv7M4_T_le_eabi.lib</file>
         <name>ull_div_t2.asm.obj</name>
      </input_file>
      <input_file id="fl-dd">
         <path>C:\ti\ccs1220\ccs\tools\compiler\ti-cgt-arm_20.2.7.LTS\lib\</path>
         <kind>archive</kind>
         <file>rtsv7M4_T_le_eabi.lib</file>
         <name>copy_zero_init.c.obj</name>
      </input_file>
      <input_file id="fl-de">
         <path>C:\ti\ccs1220\ccs\tools\compiler\ti-cgt-arm_20.2.7.LTS\lib\</path>
         <kind>archive</kind>
         <file>rtsv7M4_T_le_eabi.lib</file>
         <name>copy_decompress_none.c.obj</name>
      </input_file>
      <input_file id="fl-df">
         <path>C:\ti\ccs1220\ccs\tools\compiler\ti-cgt-arm_20.2.7.LTS\lib\</path>
         <kind>archive</kind>
         <file>rtsv7M4_T_le_eabi.lib</file>
         <name>copy_decompress_lzss.c.obj</name>
      </input_file>
      <input_file id="fl-e0">
         <path>C:\ti\ccs1220\ccs\tools\compiler\ti-cgt-arm_20.2.7.LTS\lib\</path>
         <kind>archive</kind>
         <file>rtsv7M4_T_le_eabi.lib</file>
         <name>memory.c.obj</name>
      </input_file>
      <input_file id="fl-e1">
         <path>C:\ti\ccs1220\ccs\tools\compiler\ti-cgt-arm_20.2.7.LTS\lib\</path>
         <kind>archive</kind>
         <file>rtsv7M4_T_le_eabi.lib</file>
         <name>boot_cortex_m.c.obj</name>
      </input_file>
      <input_file id="fl-e2">
         <path>C:\ti\ccs1220\ccs\tools\compiler\ti-cgt-arm_20.2.7.LTS\lib\</path>
         <kind>archive</kind>
         <file>rtsv7M4_T_le_eabi.lib</file>
         <name>div0.asm.obj</name>
      </input_file>
      <input_file id="fl-e3">
         <path>C:\ti\ccs1220\ccs\tools\compiler\ti-cgt-arm_20.2.7.LTS\lib\</path>
         <kind>archive</kind>
         <file>rtsv7M4_T_le_eabi.lib</file>
         <name>memset_t2.asm.obj</name>
      </input_file>
      <input_file id="fl-e4">
         <path>C:\ti\ccs1220\ccs\tools\compiler\ti-cgt-arm_20.2.7.LTS\lib\</path>
         <kind>archive</kind>
         <file>rtsv7M4_T_le_eabi.lib</file>
         <name>autoinit.c.obj</name>
      </input_file>
      <input_file id="fl-e5">
         <path>C:\ti\ccs1220\ccs\tools\compiler\ti-cgt-arm_20.2.7.LTS\lib\</path>
         <kind>archive</kind>
         <file>rtsv7M4_T_le_eabi.lib</file>
         <name>pre_init.c.obj</name>
      </input_file>
      <input_file id="fl-e6">
         <path>C:\ti\ccs1220\ccs\tools\compiler\ti-cgt-arm_20.2.7.LTS\lib\</path>
         <kind>archive</kind>
         <file>rtsv7M4_T_le_eabi.lib</file>
         <name>cpy_tbl.c.obj</name>
      </input_file>
      <input_file id="fl-e7">
         <path>C:\ti\ccs1220\ccs\tools\compiler\ti-cgt-arm_20.2.7.LTS\lib\</path>
         <kind>archive</kind>
         <file>rtsv7M4_T_le_eabi.lib</file>
         <name>exit.c.obj</name>
      </input_file>
      <input_file id="fl-e8">
         <path>C:\ti\ccs1220\ccs\tools\compiler\ti-cgt-arm_20.2.7.LTS\lib\</path>
         <kind>archive</kind>
         <file>rtsv7M4_T_le_eabi.lib</file>
         <name>_lock.c.obj</name>
      </input_file>
      <input_file id="fl-e9">
         <path>C:\ti\ccs1220\ccs\tools\compiler\ti-cgt-arm_20.2.7.LTS\lib\</path>
         <kind>archive</kind>
         <file>rtsv7M4_T_le_eabi.lib</file>
         <name>args_main.c.obj</name>
      </input_file>
   </input_file_list>
   <object_component_list>
      <object_component id="oc-1c5">
         <name>.text:PRCMCC3200MCUInit</name>
         <load_address>0x2000c040</load_address>
         <run_address>0x2000c040</run_address>
         <size>0x42c</size>
         <input_file_ref idref="fl-21"/>
      </object_component>
      <object_component id="oc-33b">
         <name>.text:PowerCC32XX_sleepPolicy</name>
         <load_address>0x2000c46c</load_address>
         <run_address>0x2000c46c</run_address>
         <size>0x1a0</size>
         <input_file_ref idref="fl-1a"/>
      </object_component>
      <object_component id="oc-1df">
         <name>.text:GPIO_setConfig</name>
         <load_address>0x2000c60c</load_address>
         <run_address>0x2000c60c</run_address>
         <size>0x154</size>
         <input_file_ref idref="fl-10"/>
      </object_component>
      <object_component id="oc-4e5">
         <name>.text:parkPins</name>
         <load_address>0x2000c760</load_address>
         <run_address>0x2000c760</run_address>
         <size>0x148</size>
         <input_file_ref idref="fl-11"/>
      </object_component>
      <object_component id="oc-435">
         <name>.text:Power_sleep</name>
         <load_address>0x2000c8a8</load_address>
         <run_address>0x2000c8a8</run_address>
         <size>0x138</size>
         <input_file_ref idref="fl-11"/>
      </object_component>
      <object_component id="oc-2e9">
         <name>.text:morseCode</name>
         <load_address>0x2000c9e0</load_address>
         <run_address>0x2000c9e0</run_address>
         <size>0x110</size>
         <input_file_ref idref="fl-2"/>
      </object_component>
      <object_component id="oc-49f">
         <name>.text:aligned_alloc</name>
         <load_address>0x2000caf0</load_address>
         <run_address>0x2000caf0</run_address>
         <size>0x100</size>
         <input_file_ref idref="fl-e0"/>
      </object_component>
      <object_component id="oc-359">
         <name>.text:free</name>
         <load_address>0x2000cbf0</load_address>
         <run_address>0x2000cbf0</run_address>
         <size>0xe4</size>
         <input_file_ref idref="fl-e0"/>
      </object_component>
      <object_component id="oc-502">
         <name>.text:restoreParkedPins</name>
         <load_address>0x2000ccd4</load_address>
         <run_address>0x2000ccd4</run_address>
         <size>0xc0</size>
         <input_file_ref idref="fl-11"/>
      </object_component>
      <object_component id="oc-b5">
         <name>.text:IntEnable</name>
         <load_address>0x2000cd94</load_address>
         <run_address>0x2000cd94</run_address>
         <size>0xa8</size>
         <input_file_ref idref="fl-1f"/>
      </object_component>
      <object_component id="oc-268">
         <name>.text:PowerCC32XX_configureWakeup</name>
         <load_address>0x2000ce3c</load_address>
         <run_address>0x2000ce3c</run_address>
         <size>0xa8</size>
         <input_file_ref idref="fl-11"/>
      </object_component>
      <object_component id="oc-28d">
         <name>.text:SemaphoreP_pend</name>
         <load_address>0x2000cee4</load_address>
         <run_address>0x2000cee4</run_address>
         <size>0xa0</size>
         <input_file_ref idref="fl-17"/>
      </object_component>
      <object_component id="oc-3b">
         <name>.text</name>
         <load_address>0x2000cf84</load_address>
         <run_address>0x2000cf84</run_address>
         <size>0x9c</size>
         <input_file_ref idref="fl-db"/>
      </object_component>
      <object_component id="oc-430">
         <name>.text</name>
         <load_address>0x2000d020</load_address>
         <run_address>0x2000d020</run_address>
         <size>0x96</size>
         <input_file_ref idref="fl-dc"/>
      </object_component>
      <object_component id="oc-1d7">
         <name>.text:Board_initHook</name>
         <load_address>0x2000d0b6</load_address>
         <run_address>0x2000d0b6</run_address>
         <size>0x2</size>
         <input_file_ref idref="fl-3"/>
      </object_component>
      <object_component id="oc-1d1">
         <name>.text:GPIO_init</name>
         <load_address>0x2000d0b8</load_address>
         <run_address>0x2000d0b8</run_address>
         <size>0x90</size>
         <input_file_ref idref="fl-10"/>
      </object_component>
      <object_component id="oc-4f6">
         <name>.text:restoreNVICRegs</name>
         <load_address>0x2000d148</load_address>
         <run_address>0x2000d148</run_address>
         <size>0x90</size>
         <input_file_ref idref="fl-11"/>
      </object_component>
      <object_component id="oc-3b9">
         <name>.text:HwiP_construct</name>
         <load_address>0x2000d1d8</load_address>
         <run_address>0x2000d1d8</run_address>
         <size>0x8c</size>
         <input_file_ref idref="fl-19"/>
      </object_component>
      <object_component id="oc-593">
         <name>.text:IntPendSet</name>
         <load_address>0x2000d264</load_address>
         <run_address>0x2000d264</run_address>
         <size>0x88</size>
         <input_file_ref idref="fl-1f"/>
      </object_component>
      <object_component id="oc-2b4">
         <name>.text:PinConfigSet</name>
         <load_address>0x2000d2ec</load_address>
         <run_address>0x2000d2ec</run_address>
         <size>0x88</size>
         <input_file_ref idref="fl-20"/>
      </object_component>
      <object_component id="oc-1cb">
         <name>.text:Power_init</name>
         <load_address>0x2000d374</load_address>
         <run_address>0x2000d374</run_address>
         <size>0x84</size>
         <input_file_ref idref="fl-11"/>
      </object_component>
      <object_component id="oc-4eb">
         <name>.text:saveNVICRegs</name>
         <load_address>0x2000d3f8</load_address>
         <run_address>0x2000d3f8</run_address>
         <size>0x84</size>
         <input_file_ref idref="fl-11"/>
      </object_component>
      <object_component id="oc-1e5">
         <name>.text:GPIO_write</name>
         <load_address>0x2000d47c</load_address>
         <run_address>0x2000d47c</run_address>
         <size>0x80</size>
         <input_file_ref idref="fl-10"/>
      </object_component>
      <object_component id="oc-2ba">
         <name>.text:Power_setDependency</name>
         <load_address>0x2000d4fc</load_address>
         <run_address>0x2000d4fc</run_address>
         <size>0x80</size>
         <input_file_ref idref="fl-11"/>
      </object_component>
      <object_component id="oc-2e3">
         <name>.text:morseCodeOK</name>
         <load_address>0x2000d57c</load_address>
         <run_address>0x2000d57c</run_address>
         <size>0x80</size>
         <input_file_ref idref="fl-2"/>
      </object_component>
      <object_component id="oc-2ac">
         <name>.text:powerNotifyFxn</name>
         <load_address>0x2000d5fc</load_address>
         <run_address>0x2000d5fc</run_address>
         <size>0x74</size>
         <input_file_ref idref="fl-10"/>
      </object_component>
      <object_component id="oc-533">
         <name>.text:split</name>
         <load_address>0x2000d670</load_address>
         <run_address>0x2000d670</run_address>
         <size>0x70</size>
         <input_file_ref idref="fl-e0"/>
      </object_component>
      <object_component id="oc-14">
         <name>.text:decompress:lzss:__TI_decompress_lzss</name>
         <load_address>0x2000d6e0</load_address>
         <run_address>0x2000d6e0</run_address>
         <size>0x68</size>
         <input_file_ref idref="fl-df"/>
      </object_component>
      <object_component id="oc-2cc">
         <name>.text:GPIO_setInterruptConfig</name>
         <load_address>0x2000d748</load_address>
         <run_address>0x2000d748</run_address>
         <size>0x64</size>
         <input_file_ref idref="fl-10"/>
      </object_component>
      <object_component id="oc-3a9">
         <name>.text:PowerCC32XX_setParkState</name>
         <load_address>0x2000d7ac</load_address>
         <run_address>0x2000d7ac</run_address>
         <size>0x64</size>
         <input_file_ref idref="fl-11"/>
      </object_component>
      <object_component id="oc-165">
         <name>.text:mainThread</name>
         <load_address>0x2000d810</load_address>
         <run_address>0x2000d810</run_address>
         <size>0x64</size>
         <input_file_ref idref="fl-2"/>
      </object_component>
      <object_component id="oc-2d5">
         <name>.text:GPIO_hwiIntFxn</name>
         <load_address>0x2000d874</load_address>
         <run_address>0x2000d874</run_address>
         <size>0x60</size>
         <input_file_ref idref="fl-10"/>
      </object_component>
      <object_component id="oc-2f3">
         <name>.text:GPIO_toggle</name>
         <load_address>0x2000d8d4</load_address>
         <run_address>0x2000d8d4</run_address>
         <size>0x60</size>
         <input_file_ref idref="fl-10"/>
      </object_component>
      <object_component id="oc-236">
         <name>.text:PRCMSysResetCauseGet</name>
         <load_address>0x2000d934</load_address>
         <run_address>0x2000d934</run_address>
         <size>0x60</size>
         <input_file_ref idref="fl-21"/>
      </object_component>
      <object_component id="oc-4ba">
         <name>.text:getTimeUsec</name>
         <load_address>0x2000d994</load_address>
         <run_address>0x2000d994</run_address>
         <size>0x60</size>
         <input_file_ref idref="fl-18"/>
      </object_component>
      <object_component id="oc-1f7">
         <name>.text:switchStates</name>
         <load_address>0x2000d9f4</load_address>
         <run_address>0x2000d9f4</run_address>
         <size>0x60</size>
         <input_file_ref idref="fl-2"/>
      </object_component>
      <object_component id="oc-53f">
         <name>.text:sysTickInit</name>
         <load_address>0x2000da54</load_address>
         <run_address>0x2000da54</run_address>
         <size>0x5c</size>
         <input_file_ref idref="fl-18"/>
      </object_component>
      <object_component id="oc-24f">
         <name>.text:PRCMPeripheralReset</name>
         <load_address>0x2000dab0</load_address>
         <run_address>0x2000dab0</run_address>
         <size>0x58</size>
         <input_file_ref idref="fl-21"/>
      </object_component>
      <object_component id="oc-570">
         <name>.text:PowerCC32XX_resumeLPDS</name>
         <load_address>0x2000db08</load_address>
         <run_address>0x2000db08</run_address>
         <size>0x52</size>
         <input_file_ref idref="fl-12"/>
      </object_component>
      <object_component id="oc-335">
         <name>.text:PowerCC32XX_initPolicy</name>
         <load_address>0x2000db5a</load_address>
         <run_address>0x2000db5a</run_address>
         <size>0x2</size>
         <input_file_ref idref="fl-1a"/>
      </object_component>
      <object_component id="oc-79">
         <name>.text:ClockP_sysTickHandler</name>
         <load_address>0x2000db5c</load_address>
         <run_address>0x2000db5c</run_address>
         <size>0x50</size>
         <input_file_ref idref="fl-18"/>
      </object_component>
      <object_component id="oc-463">
         <name>.text:SemaphoreP_construct</name>
         <load_address>0x2000dbac</load_address>
         <run_address>0x2000dbac</run_address>
         <size>0x50</size>
         <input_file_ref idref="fl-17"/>
      </object_component>
      <object_component id="oc-567">
         <name>.text:PowerCC32XX_parkPin</name>
         <load_address>0x2000dbfc</load_address>
         <run_address>0x2000dbfc</run_address>
         <size>0x4c</size>
         <input_file_ref idref="fl-11"/>
      </object_component>
      <object_component id="oc-4fc">
         <name>.text:restorePeriphClocks</name>
         <load_address>0x2000dc48</load_address>
         <run_address>0x2000dc48</run_address>
         <size>0x4c</size>
         <input_file_ref idref="fl-11"/>
      </object_component>
      <object_component id="oc-3d3">
         <name>.text:ClockP_usleep</name>
         <load_address>0x2000dc94</load_address>
         <run_address>0x2000dc94</run_address>
         <size>0x48</size>
         <input_file_ref idref="fl-18"/>
      </object_component>
      <object_component id="oc-58b">
         <name>.text:FlashDisable</name>
         <load_address>0x2000dcdc</load_address>
         <run_address>0x2000dcdc</run_address>
         <size>0x48</size>
         <input_file_ref idref="fl-24"/>
      </object_component>
      <object_component id="oc-3c0">
         <name>.text:GPIO_disableInt</name>
         <load_address>0x2000dd24</load_address>
         <run_address>0x2000dd24</run_address>
         <size>0x48</size>
         <input_file_ref idref="fl-10"/>
      </object_component>
      <object_component id="oc-1f1">
         <name>.text:GPIO_enableInt</name>
         <load_address>0x2000dd6c</load_address>
         <run_address>0x2000dd6c</run_address>
         <size>0x48</size>
         <input_file_ref idref="fl-10"/>
      </object_component>
      <object_component id="oc-508">
         <name>.text:PRCMLPDSEnter</name>
         <load_address>0x2000ddb4</load_address>
         <run_address>0x2000ddb4</run_address>
         <size>0x48</size>
         <input_file_ref idref="fl-21"/>
      </object_component>
      <object_component id="oc-249">
         <name>.text:PRCMPeripheralClkEnable</name>
         <load_address>0x2000ddfc</load_address>
         <run_address>0x2000ddfc</run_address>
         <size>0x48</size>
         <input_file_ref idref="fl-21"/>
      </object_component>
      <object_component id="oc-48b">
         <name>.text:ClockP_stop</name>
         <load_address>0x2000de44</load_address>
         <run_address>0x2000de44</run_address>
         <size>0x44</size>
         <input_file_ref idref="fl-18"/>
      </object_component>
      <object_component id="oc-575">
         <name>.text:PRCMLPDSRestoreInfoSet</name>
         <load_address>0x2000de88</load_address>
         <run_address>0x2000de88</run_address>
         <size>0x44</size>
         <input_file_ref idref="fl-21"/>
      </object_component>
      <object_component id="oc-4f1">
         <name>.text:PowerCC32XX_enterLPDS</name>
         <load_address>0x2000decc</load_address>
         <run_address>0x2000decc</run_address>
         <size>0x44</size>
         <input_file_ref idref="fl-12"/>
      </object_component>
      <object_component id="oc-299">
         <name>.text:SemaphoreP_post</name>
         <load_address>0x2000df10</load_address>
         <run_address>0x2000df10</run_address>
         <size>0x44</size>
         <input_file_ref idref="fl-17"/>
      </object_component>
      <object_component id="oc-44c">
         <name>.text:SwiP_restore</name>
         <load_address>0x2000df54</load_address>
         <run_address>0x2000df54</run_address>
         <size>0x44</size>
         <input_file_ref idref="fl-1c"/>
      </object_component>
      <object_component id="oc-178">
         <name>.text:__TI_auto_init_nobinit_nopinit:__TI_auto_init_nobinit_nopinit</name>
         <load_address>0x2000df98</load_address>
         <run_address>0x2000df98</run_address>
         <size>0x44</size>
         <input_file_ref idref="fl-e4"/>
      </object_component>
      <object_component id="oc-261">
         <name>.text:PinModeSet</name>
         <load_address>0x2000dfdc</load_address>
         <run_address>0x2000dfdc</run_address>
         <size>0x40</size>
         <input_file_ref idref="fl-20"/>
      </object_component>
      <object_component id="oc-378">
         <name>.text:ClockP_destruct</name>
         <load_address>0x2000e01c</load_address>
         <run_address>0x2000e01c</run_address>
         <size>0x3c</size>
         <input_file_ref idref="fl-18"/>
      </object_component>
      <object_component id="oc-42a">
         <name>.text:getCountsRTC</name>
         <load_address>0x2000e058</load_address>
         <run_address>0x2000e058</run_address>
         <size>0x3a</size>
         <input_file_ref idref="fl-1a"/>
      </object_component>
      <object_component id="oc-54a">
         <name>.text:SemaphoreP_destruct</name>
         <load_address>0x2000e092</load_address>
         <run_address>0x2000e092</run_address>
         <size>0x2</size>
         <input_file_ref idref="fl-17"/>
      </object_component>
      <object_component id="oc-50e">
         <name>.text:PRCMLPDSEnterKeepDebugIf</name>
         <load_address>0x2000e094</load_address>
         <run_address>0x2000e094</run_address>
         <size>0x38</size>
         <input_file_ref idref="fl-21"/>
      </object_component>
      <object_component id="oc-db">
         <name>.text:addToList</name>
         <load_address>0x2000e0cc</load_address>
         <run_address>0x2000e0cc</run_address>
         <size>0x38</size>
         <input_file_ref idref="fl-18"/>
      </object_component>
      <object_component id="oc-59">
         <name>.text:initVectors</name>
         <load_address>0x2000e104</load_address>
         <run_address>0x2000e104</run_address>
         <size>0x38</size>
         <input_file_ref idref="fl-1b"/>
      </object_component>
      <object_component id="oc-4df">
         <name>.text:notify</name>
         <load_address>0x2000e13c</load_address>
         <run_address>0x2000e13c</run_address>
         <size>0x38</size>
         <input_file_ref idref="fl-11"/>
      </object_component>
      <object_component id="oc-418">
         <name>.text:ClockP_getTicksUntilInterrupt</name>
         <load_address>0x2000e174</load_address>
         <run_address>0x2000e174</run_address>
         <size>0x34</size>
         <input_file_ref idref="fl-18"/>
      </object_component>
      <object_component id="oc-4b4">
         <name>.text:ClockP_startup</name>
         <load_address>0x2000e1a8</load_address>
         <run_address>0x2000e1a8</run_address>
         <size>0x34</size>
         <input_file_ref idref="fl-18"/>
      </object_component>
      <object_component id="oc-25b">
         <name>.text:PinModeGet</name>
         <load_address>0x2000e1dc</load_address>
         <run_address>0x2000e1dc</run_address>
         <size>0x34</size>
         <input_file_ref idref="fl-20"/>
      </object_component>
      <object_component id="oc-366">
         <name>.text:ClockP_start</name>
         <load_address>0x2000e210</load_address>
         <run_address>0x2000e210</run_address>
         <size>0x30</size>
         <input_file_ref idref="fl-18"/>
      </object_component>
      <object_component id="oc-584">
         <name>.text:PowerCC32XX_restoreParkedPin</name>
         <load_address>0x2000e240</load_address>
         <run_address>0x2000e240</run_address>
         <size>0x30</size>
         <input_file_ref idref="fl-11"/>
      </object_component>
      <object_component id="oc-2c6">
         <name>.text:HwiP_create</name>
         <load_address>0x2000e270</load_address>
         <run_address>0x2000e270</run_address>
         <size>0x2a</size>
         <input_file_ref idref="fl-19"/>
      </object_component>
      <object_component id="oc-2fd">
         <name>.text:_nop</name>
         <load_address>0x2000e29a</load_address>
         <run_address>0x2000e29a</run_address>
         <size>0x2</size>
         <input_file_ref idref="fl-e8"/>
      </object_component>
      <object_component id="oc-255">
         <name>.text:PRCMPeripheralClkDisable</name>
         <load_address>0x2000e29c</load_address>
         <run_address>0x2000e29c</run_address>
         <size>0x28</size>
         <input_file_ref idref="fl-21"/>
      </object_component>
      <object_component id="oc-293">
         <name>.text:Power_registerNotify</name>
         <load_address>0x2000e2c4</load_address>
         <run_address>0x2000e2c4</run_address>
         <size>0x28</size>
         <input_file_ref idref="fl-11"/>
      </object_component>
      <object_component id="oc-483">
         <name>.text:free_list_insert</name>
         <load_address>0x2000e2ec</load_address>
         <run_address>0x2000e2ec</run_address>
         <size>0x28</size>
         <input_file_ref idref="fl-e0"/>
      </object_component>
      <object_component id="oc-388">
         <name>.text:List_put</name>
         <load_address>0x2000e314</load_address>
         <run_address>0x2000e314</run_address>
         <size>0x26</size>
         <input_file_ref idref="fl-14"/>
      </object_component>
      <object_component id="oc-73">
         <name>.text:busFaultHandler</name>
         <load_address>0x2000e33a</load_address>
         <run_address>0x2000e33a</run_address>
         <size>0x2</size>
         <input_file_ref idref="fl-1b"/>
      </object_component>
      <object_component id="oc-4a9">
         <name>.text:HwiP_dispatch</name>
         <load_address>0x2000e33c</load_address>
         <run_address>0x2000e33c</run_address>
         <size>0x24</size>
         <input_file_ref idref="fl-19"/>
      </object_component>
      <object_component id="oc-c5">
         <name>.text:_c_int00_noargs:_c_int00_noargs</name>
         <load_address>0x2000e360</load_address>
         <run_address>0x2000e360</run_address>
         <size>0x24</size>
         <input_file_ref idref="fl-e1"/>
      </object_component>
      <object_component id="oc-4c0">
         <name>.text:sleepTicks</name>
         <load_address>0x2000e384</load_address>
         <run_address>0x2000e384</run_address>
         <size>0x24</size>
         <input_file_ref idref="fl-18"/>
      </object_component>
      <object_component id="oc-1eb">
         <name>.text:GPIO_setCallback</name>
         <load_address>0x2000e3a8</load_address>
         <run_address>0x2000e3a8</run_address>
         <size>0x1c</size>
         <input_file_ref idref="fl-e"/>
      </object_component>
      <object_component id="oc-561">
         <name>.text:PinToPadGet</name>
         <load_address>0x2000e3c4</load_address>
         <run_address>0x2000e3c4</run_address>
         <size>0x1c</size>
         <input_file_ref idref="fl-20"/>
      </object_component>
      <object_component id="oc-40c">
         <name>.text:SwiP_disable</name>
         <load_address>0x2000e3e0</load_address>
         <run_address>0x2000e3e0</run_address>
         <size>0x1c</size>
         <input_file_ref idref="fl-1c"/>
      </object_component>
      <object_component id="oc-47">
         <name>.text:decompress:ZI:__TI_zero_init_nomemset:__TI_zero_init_nomemset</name>
         <load_address>0x2000e3fc</load_address>
         <run_address>0x2000e3fc</run_address>
         <size>0x1c</size>
         <input_file_ref idref="fl-dd"/>
      </object_component>
      <object_component id="oc-47d">
         <name>.text:free_list_remove</name>
         <load_address>0x2000e418</load_address>
         <run_address>0x2000e418</run_address>
         <size>0x1c</size>
         <input_file_ref idref="fl-e0"/>
      </object_component>
      <object_component id="oc-275">
         <name>.text:SemaphoreP_createBinary</name>
         <load_address>0x2000e434</load_address>
         <run_address>0x2000e434</run_address>
         <size>0x1a</size>
         <input_file_ref idref="fl-17"/>
      </object_component>
      <object_component id="oc-37e">
         <name>.text:clkFxn</name>
         <load_address>0x2000e44e</load_address>
         <run_address>0x2000e44e</run_address>
         <size>0x2</size>
         <input_file_ref idref="fl-17"/>
      </object_component>
      <object_component id="oc-21">
         <name>.text:resetISR</name>
         <load_address>0x2000e450</load_address>
         <run_address>0x2000e450</run_address>
         <size>0x1a</size>
         <input_file_ref idref="fl-1b"/>
      </object_component>
      <object_component id="oc-6d">
         <name>.text:defaultHandler</name>
         <load_address>0x2000e46a</load_address>
         <run_address>0x2000e46a</run_address>
         <size>0x2</size>
         <input_file_ref idref="fl-1b"/>
      </object_component>
      <object_component id="oc-41e">
         <name>.text:Power_getTransitionLatency</name>
         <load_address>0x2000e46c</load_address>
         <run_address>0x2000e46c</run_address>
         <size>0x18</size>
         <input_file_ref idref="fl-11"/>
      </object_component>
      <object_component id="oc-522">
         <name>.text:Power_idleFunc</name>
         <load_address>0x2000e484</load_address>
         <run_address>0x2000e484</run_address>
         <size>0x18</size>
         <input_file_ref idref="fl-11"/>
      </object_component>
      <object_component id="oc-1fd">
         <name>.text:gpioButtonFxn0</name>
         <load_address>0x2000e49c</load_address>
         <run_address>0x2000e49c</run_address>
         <size>0x18</size>
         <input_file_ref idref="fl-2"/>
      </object_component>
      <object_component id="oc-203">
         <name>.text:gpioButtonFxn1</name>
         <load_address>0x2000e4b4</load_address>
         <run_address>0x2000e4b4</run_address>
         <size>0x18</size>
         <input_file_ref idref="fl-2"/>
      </object_component>
      <object_component id="oc-43b">
         <name>.text</name>
         <load_address>0x2000e4cc</load_address>
         <run_address>0x2000e4cc</run_address>
         <size>0x18</size>
         <input_file_ref idref="fl-da"/>
      </object_component>
      <object_component id="oc-243">
         <name>.text:PRCMHIBRegRead</name>
         <load_address>0x2000e4e4</load_address>
         <run_address>0x2000e4e4</run_address>
         <size>0x16</size>
         <input_file_ref idref="fl-21"/>
      </object_component>
      <object_component id="oc-23d">
         <name>.text:PRCMHIBRegWrite</name>
         <load_address>0x2000e4fa</load_address>
         <run_address>0x2000e4fa</run_address>
         <size>0x16</size>
         <input_file_ref idref="fl-21"/>
      </object_component>
      <object_component id="oc-34e">
         <name>.text:SemaphoreP_create</name>
         <load_address>0x2000e510</load_address>
         <run_address>0x2000e510</run_address>
         <size>0x16</size>
         <input_file_ref idref="fl-17"/>
      </object_component>
      <object_component id="oc-159">
         <name>.text:Board_init</name>
         <load_address>0x2000e526</load_address>
         <run_address>0x2000e526</run_address>
         <size>0x14</size>
         <input_file_ref idref="fl-3"/>
      </object_component>
      <object_component id="oc-a3">
         <name>.text:CPUcpsid</name>
         <load_address>0x2000e53a</load_address>
         <run_address>0x2000e53a</run_address>
         <size>0x14</size>
         <input_file_ref idref="fl-1e"/>
      </object_component>
      <object_component id="oc-67">
         <name>.text:faultISR</name>
         <load_address>0x2000e54e</load_address>
         <run_address>0x2000e54e</run_address>
         <size>0x2</size>
         <input_file_ref idref="fl-1b"/>
      </object_component>
      <object_component id="oc-38f">
         <name>.text:HwiP_inISR</name>
         <load_address>0x2000e550</load_address>
         <run_address>0x2000e550</run_address>
         <size>0x14</size>
         <input_file_ref idref="fl-19"/>
      </object_component>
      <object_component id="oc-af">
         <name>.text:IntVTableBaseSet</name>
         <load_address>0x2000e564</load_address>
         <run_address>0x2000e564</run_address>
         <size>0x14</size>
         <input_file_ref idref="fl-1f"/>
      </object_component>
      <object_component id="oc-395">
         <name>.text:Power_disablePolicy</name>
         <load_address>0x2000e578</load_address>
         <run_address>0x2000e578</run_address>
         <size>0x14</size>
         <input_file_ref idref="fl-11"/>
      </object_component>
      <object_component id="oc-57d">
         <name>.text:Power_getDependencyCount</name>
         <load_address>0x2000e58c</load_address>
         <run_address>0x2000e58c</run_address>
         <size>0x14</size>
         <input_file_ref idref="fl-11"/>
      </object_component>
      <object_component id="oc-2c0">
         <name>.text:HwiP_Params_init</name>
         <load_address>0x2000e5a0</load_address>
         <run_address>0x2000e5a0</run_address>
         <size>0x12</size>
         <input_file_ref idref="fl-19"/>
      </object_component>
      <object_component id="oc-11f">
         <name>.text:main</name>
         <load_address>0x2000e5b2</load_address>
         <run_address>0x2000e5b2</run_address>
         <size>0x12</size>
         <input_file_ref idref="fl-4"/>
      </object_component>
      <object_component id="oc-360">
         <name>.text:ClockP_add</name>
         <load_address>0x2000e5c4</load_address>
         <run_address>0x2000e5c4</run_address>
         <size>0x10</size>
         <input_file_ref idref="fl-18"/>
      </object_component>
      <object_component id="oc-406">
         <name>.text:ClockP_getCpuFreq</name>
         <load_address>0x2000e5d4</load_address>
         <run_address>0x2000e5d4</run_address>
         <size>0x10</size>
         <input_file_ref idref="fl-18"/>
      </object_component>
      <object_component id="oc-424">
         <name>.text:ClockP_getSystemTicks</name>
         <load_address>0x2000e5e4</load_address>
         <run_address>0x2000e5e4</run_address>
         <size>0x10</size>
         <input_file_ref idref="fl-18"/>
      </object_component>
      <object_component id="oc-440">
         <name>.text:ClockP_setTicks</name>
         <load_address>0x2000e5f4</load_address>
         <run_address>0x2000e5f4</run_address>
         <size>0x10</size>
         <input_file_ref idref="fl-18"/>
      </object_component>
      <object_component id="oc-281">
         <name>.text:HwiP_restore</name>
         <load_address>0x2000e604</load_address>
         <run_address>0x2000e604</run_address>
         <size>0x10</size>
         <input_file_ref idref="fl-19"/>
      </object_component>
      <object_component id="oc-36c">
         <name>.text:Power_enablePolicy</name>
         <load_address>0x2000e614</load_address>
         <run_address>0x2000e614</run_address>
         <size>0x10</size>
         <input_file_ref idref="fl-11"/>
      </object_component>
      <object_component id="oc-348">
         <name>.text:SemaphoreP_Params_init</name>
         <load_address>0x2000e624</load_address>
         <run_address>0x2000e624</run_address>
         <size>0x10</size>
         <input_file_ref idref="fl-17"/>
      </object_component>
      <object_component id="oc-27b">
         <name>.text:HwiP_disable</name>
         <load_address>0x2000e634</load_address>
         <run_address>0x2000e634</run_address>
         <size>0xe</size>
         <input_file_ref idref="fl-19"/>
      </object_component>
      <object_component id="oc-15f">
         <name>.text:HwiP_enable</name>
         <load_address>0x2000e642</load_address>
         <run_address>0x2000e642</run_address>
         <size>0xe</size>
         <input_file_ref idref="fl-19"/>
      </object_component>
      <object_component id="oc-1a">
         <name>.text:decompress:none:__TI_decompress_none</name>
         <load_address>0x2000e650</load_address>
         <run_address>0x2000e650</run_address>
         <size>0xe</size>
         <input_file_ref idref="fl-de"/>
      </object_component>
      <object_component id="oc-61">
         <name>.text:nmiISR</name>
         <load_address>0x2000e65e</load_address>
         <run_address>0x2000e65e</run_address>
         <size>0x2</size>
         <input_file_ref idref="fl-1b"/>
      </object_component>
      <object_component id="oc-412">
         <name>.text:Power_getConstraintMask</name>
         <load_address>0x2000e660</load_address>
         <run_address>0x2000e660</run_address>
         <size>0xc</size>
         <input_file_ref idref="fl-11"/>
      </object_component>
      <object_component id="oc-372">
         <name>.text:ClockP_isActive</name>
         <load_address>0x2000e66c</load_address>
         <run_address>0x2000e66c</run_address>
         <size>0xa</size>
         <input_file_ref idref="fl-18"/>
      </object_component>
      <object_component id="oc-53">
         <name>.text:IntMasterDisable</name>
         <load_address>0x2000e676</load_address>
         <run_address>0x2000e676</run_address>
         <size>0xa</size>
         <input_file_ref idref="fl-1f"/>
      </object_component>
      <object_component id="oc-3b3">
         <name>.text:malloc</name>
         <load_address>0x2000e680</load_address>
         <run_address>0x2000e680</run_address>
         <size>0x8</size>
         <input_file_ref idref="fl-e0"/>
      </object_component>
      <object_component id="oc-23c">
         <name>.text:UtilsDelay</name>
         <load_address>0x2000e688</load_address>
         <run_address>0x2000e688</run_address>
         <size>0x6</size>
         <input_file_ref idref="fl-23"/>
      </object_component>
      <object_component id="oc-446">
         <name>.text:ClockP_doTick</name>
         <load_address>0x2000e68e</load_address>
         <run_address>0x2000e68e</run_address>
         <size>0x4</size>
         <input_file_ref idref="fl-18"/>
      </object_component>
      <object_component id="oc-518">
         <name>.text:HwiP_post</name>
         <load_address>0x2000e692</load_address>
         <run_address>0x2000e692</run_address>
         <size>0x4</size>
         <input_file_ref idref="fl-19"/>
      </object_component>
      <object_component id="oc-287">
         <name>.text:SemaphoreP_delete</name>
         <load_address>0x2000e696</load_address>
         <run_address>0x2000e696</run_address>
         <size>0x4</size>
         <input_file_ref idref="fl-17"/>
      </object_component>
      <object_component id="oc-119">
         <name>.text:_system_pre_init</name>
         <load_address>0x2000e69a</load_address>
         <run_address>0x2000e69a</run_address>
         <size>0x4</size>
         <input_file_ref idref="fl-e5"/>
      </object_component>
      <object_component id="oc-16c">
         <name>.text:abort:abort</name>
         <load_address>0x2000e69e</load_address>
         <run_address>0x2000e69e</run_address>
         <size>0x4</size>
         <input_file_ref idref="fl-e7"/>
      </object_component>
      <object_component id="oc-4d9">
         <name>.text</name>
         <load_address>0x2000e6a2</load_address>
         <run_address>0x2000e6a2</run_address>
         <size>0x2</size>
         <input_file_ref idref="fl-e2"/>
      </object_component>
      <object_component id="oc-326">
         <name>.const:g_ulPinToPadMap</name>
         <load_address>0x2000eccc</load_address>
         <run_address>0x2000eccc</run_address>
         <size>0x100</size>
         <input_file_ref idref="fl-20"/>
      </object_component>
      <object_component id="oc-31f">
         <name>.const:PRCM_PeriphRegsList</name>
         <load_address>0x2000edcc</load_address>
         <run_address>0x2000edcc</run_address>
         <size>0xa8</size>
         <input_file_ref idref="fl-21"/>
      </object_component>
      <object_component id="oc-271">
         <name>.const:PowerCC32XX_config</name>
         <load_address>0x2000ee74</load_address>
         <run_address>0x2000ee74</run_address>
         <size>0x44</size>
         <input_file_ref idref="fl-3"/>
      </object_component>
      <object_component id="oc-2db">
         <name>.const:portConfigs</name>
         <load_address>0x2000eeb8</load_address>
         <run_address>0x2000eeb8</run_address>
         <size>0x28</size>
         <input_file_ref idref="fl-10"/>
      </object_component>
      <object_component id="oc-2d2">
         <name>.const:.string:pinTable</name>
         <load_address>0x2000eee0</load_address>
         <run_address>0x2000eee0</run_address>
         <size>0x21</size>
         <input_file_ref idref="fl-10"/>
      </object_component>
      <object_component id="oc-113">
         <name>.const:g_pulEnRegs</name>
         <load_address>0x2000ef04</load_address>
         <run_address>0x2000ef04</run_address>
         <size>0x18</size>
         <input_file_ref idref="fl-1f"/>
      </object_component>
      <object_component id="oc-5b0">
         <name>.const:g_pulPendRegs</name>
         <load_address>0x2000ef1c</load_address>
         <run_address>0x2000ef1c</run_address>
         <size>0x18</size>
         <input_file_ref idref="fl-1f"/>
      </object_component>
      <object_component id="oc-2a6">
         <name>.const:GPIO_config</name>
         <load_address>0x2000ef34</load_address>
         <run_address>0x2000ef34</run_address>
         <size>0x10</size>
         <input_file_ref idref="fl-3"/>
      </object_component>
      <object_component id="oc-2a3">
         <name>.const</name>
         <load_address>0x2000ef44</load_address>
         <run_address>0x2000ef44</run_address>
         <size>0x8</size>
         <input_file_ref idref="fl-3"/>
      </object_component>
      <object_component id="oc-5e4">
         <name>.cinit..data.load</name>
         <load_address>0x2000f1c0</load_address>
         <run_address>0x2000f1c0</run_address>
         <size>0xd1</size>
      </object_component>
      <object_component id="oc-5e2">
         <name>__TI_handler_table</name>
         <load_address>0x2000f294</load_address>
         <run_address>0x2000f294</run_address>
         <size>0xc</size>
      </object_component>
      <object_component id="oc-5e5">
         <name>.cinit..bss.load</name>
         <load_address>0x2000f2a0</load_address>
         <run_address>0x2000f2a0</run_address>
         <size>0x8</size>
      </object_component>
      <object_component id="oc-5e3">
         <name>__TI_cinit_table</name>
         <load_address>0x2000f2a8</load_address>
         <run_address>0x2000f2a8</run_address>
         <size>0x10</size>
      </object_component>
      <object_component id="oc-2ef">
         <name>.data:$O1$$</name>
         <load_address>0x2000ec98</load_address>
         <run_address>0x2000ec98</run_address>
         <size>0x8</size>
         <input_file_ref idref="fl-2"/>
      </object_component>
      <object_component id="oc-3a0">
         <name>.data:gpioPinConfigs</name>
         <load_address>0x2000ec14</load_address>
         <run_address>0x2000ec14</run_address>
         <size>0x84</size>
         <input_file_ref idref="fl-3"/>
      </object_component>
      <object_component id="oc-341">
         <name>.data:parkInfo</name>
         <load_address>0x2000eb1c</load_address>
         <run_address>0x2000eb1c</run_address>
         <size>0xf8</size>
         <input_file_ref idref="fl-3"/>
      </object_component>
      <object_component id="oc-2a0">
         <name>.data</name>
         <load_address>0x2000ecc8</load_address>
         <run_address>0x2000ecc8</run_address>
         <size>0x2</size>
         <input_file_ref idref="fl-10"/>
      </object_component>
      <object_component id="oc-26e">
         <name>.data:PowerCC32XX_module</name>
         <load_address>0x2000e9b0</load_address>
         <run_address>0x2000e9b0</run_address>
         <size>0x16c</size>
         <input_file_ref idref="fl-11"/>
      </object_component>
      <object_component id="oc-384">
         <name>.data</name>
         <load_address>0x2000ecc5</load_address>
         <run_address>0x2000ecc5</run_address>
         <size>0x3</size>
         <input_file_ref idref="fl-17"/>
      </object_component>
      <object_component id="oc-45f">
         <name>.data:SemaphoreP_defaultParams</name>
         <load_address>0x2000ecb0</load_address>
         <run_address>0x2000ecb0</run_address>
         <size>0x8</size>
         <input_file_ref idref="fl-17"/>
      </object_component>
      <object_component id="oc-452">
         <name>.data</name>
         <load_address>0x2000ecc0</load_address>
         <run_address>0x2000ecc0</run_address>
         <size>0x5</size>
         <input_file_ref idref="fl-18"/>
      </object_component>
      <object_component id="oc-4a6">
         <name>.data:HwiP_dispatchTable</name>
         <load_address>0x2000e6a4</load_address>
         <run_address>0x2000e6a4</run_address>
         <size>0x30c</size>
         <input_file_ref idref="fl-19"/>
      </object_component>
      <object_component id="oc-4af">
         <name>.data</name>
         <load_address>0x2000ecb8</load_address>
         <run_address>0x2000ecb8</run_address>
         <size>0x8</size>
         <input_file_ref idref="fl-19"/>
      </object_component>
      <object_component id="oc-52b">
         <name>.data:$O1$$</name>
         <load_address>0x2000eca8</load_address>
         <run_address>0x2000eca8</run_address>
         <size>0x8</size>
         <input_file_ref idref="fl-e0"/>
      </object_component>
      <object_component id="oc-20e">
         <name>.data:$O1$$</name>
         <load_address>0x2000eca0</load_address>
         <run_address>0x2000eca0</run_address>
         <size>0x8</size>
         <input_file_ref idref="fl-e8"/>
      </object_component>
      <object_component id="oc-2a9">
         <name>.bss:powerNotifyObj</name>
         <uninitialized>true</uninitialized>
         <run_address>0x2000f184</run_address>
         <size>0x14</size>
         <input_file_ref idref="fl-10"/>
      </object_component>
      <object_component id="oc-29f">
         <name>.bss</name>
         <uninitialized>true</uninitialized>
         <run_address>0x2000f1b8</run_address>
         <size>0x4</size>
         <input_file_ref idref="fl-10"/>
      </object_component>
      <object_component id="oc-545">
         <name>.bss</name>
         <uninitialized>true</uninitialized>
         <run_address>0x2000f1bc</run_address>
         <size>0x4</size>
         <input_file_ref idref="fl-18"/>
      </object_component>
      <object_component id="oc-4ca">
         <name>.bss</name>
         <uninitialized>true</uninitialized>
         <run_address>0x2000f1a8</run_address>
         <size>0xd</size>
         <input_file_ref idref="fl-1c"/>
      </object_component>
      <object_component id="oc-3a3">
         <name>.common:gpioCallbackFunctions</name>
         <uninitialized>true</uninitialized>
         <run_address>0x2000f07c</run_address>
         <size>0x84</size>
      </object_component>
      <object_component id="oc-3a4">
         <name>.common:gpioUserArgs</name>
         <uninitialized>true</uninitialized>
         <run_address>0x2000f100</run_address>
         <size>0x84</size>
      </object_component>
      <object_component id="oc-56e">
         <name>.common:PowerCC32XX_contextSave</name>
         <uninitialized>true</uninitialized>
         <run_address>0x2000ef50</run_address>
         <size>0x12c</size>
      </object_component>
      <object_component id="oc-e1">
         <name>.common:ClockP_ctrl</name>
         <uninitialized>true</uninitialized>
         <run_address>0x2000f198</run_address>
         <size>0x10</size>
      </object_component>
      <object_component id="oc-2a">
         <name>.sysmem</name>
         <uninitialized>true</uninitialized>
         <run_address>0x20004040</run_address>
         <size>0x10</size>
         <input_file_ref idref="fl-e0"/>
      </object_component>
      <object_component id="oc-5e8">
         <name>.sysmem</name>
         <uninitialized>true</uninitialized>
         <run_address>0x20004040</run_address>
         <size>0x0</size>
      </object_component>
      <object_component id="oc-2d">
         <name>.stack</name>
         <uninitialized>true</uninitialized>
         <run_address>0x20003000</run_address>
         <size>0x4</size>
         <input_file_ref idref="fl-e1"/>
      </object_component>
      <object_component id="oc-5e7">
         <name>.stack</name>
         <uninitialized>true</uninitialized>
         <run_address>0x20003000</run_address>
         <size>0x0</size>
      </object_component>
      <object_component id="oc-27">
         <name>.resetVecs:retain</name>
         <load_address>0x20004000</load_address>
         <run_address>0x20004000</run_address>
         <size>0x40</size>
         <input_file_ref idref="fl-1b"/>
      </object_component>
      <object_component id="oc-bb">
         <name>.ramVecs</name>
         <uninitialized>true</uninitialized>
         <run_address>0x20000000</run_address>
         <size>0x30c</size>
         <input_file_ref idref="fl-1b"/>
      </object_component>
      <object_component id="oc-152">
         <name>.debug_info</name>
         <load_address>0x0</load_address>
         <run_address>0x0</run_address>
         <size>0x42a</size>
         <input_file_ref idref="fl-2"/>
      </object_component>
      <object_component id="oc-2f0">
         <name>.debug_info</name>
         <load_address>0x42a</load_address>
         <run_address>0x42a</run_address>
         <size>0x11e</size>
         <input_file_ref idref="fl-2"/>
      </object_component>
      <object_component id="oc-2e4">
         <name>.debug_info</name>
         <load_address>0x548</load_address>
         <run_address>0x548</run_address>
         <size>0x22d</size>
         <input_file_ref idref="fl-2"/>
      </object_component>
      <object_component id="oc-2ea">
         <name>.debug_info</name>
         <load_address>0x775</load_address>
         <run_address>0x775</run_address>
         <size>0x355</size>
         <input_file_ref idref="fl-2"/>
      </object_component>
      <object_component id="oc-1f8">
         <name>.debug_info</name>
         <load_address>0xaca</load_address>
         <run_address>0xaca</run_address>
         <size>0x17d</size>
         <input_file_ref idref="fl-2"/>
      </object_component>
      <object_component id="oc-166">
         <name>.debug_info</name>
         <load_address>0xc47</load_address>
         <run_address>0xc47</run_address>
         <size>0x230</size>
         <input_file_ref idref="fl-2"/>
      </object_component>
      <object_component id="oc-204">
         <name>.debug_info</name>
         <load_address>0xe77</load_address>
         <run_address>0xe77</run_address>
         <size>0x168</size>
         <input_file_ref idref="fl-2"/>
      </object_component>
      <object_component id="oc-1fe">
         <name>.debug_info</name>
         <load_address>0xfdf</load_address>
         <run_address>0xfdf</run_address>
         <size>0x168</size>
         <input_file_ref idref="fl-2"/>
      </object_component>
      <object_component id="oc-1ad">
         <name>.debug_info</name>
         <load_address>0x1147</load_address>
         <run_address>0x1147</run_address>
         <size>0x2a7</size>
         <input_file_ref idref="fl-2"/>
      </object_component>
      <object_component id="oc-139">
         <name>.debug_info</name>
         <load_address>0x13ee</load_address>
         <run_address>0x13ee</run_address>
         <size>0x100</size>
         <input_file_ref idref="fl-2"/>
      </object_component>
      <object_component id="oc-231">
         <name>.debug_info</name>
         <load_address>0x14ee</load_address>
         <run_address>0x14ee</run_address>
         <size>0xf8</size>
         <input_file_ref idref="fl-2"/>
      </object_component>
      <object_component id="oc-e7">
         <name>.debug_info</name>
         <load_address>0x15e6</load_address>
         <run_address>0x15e6</run_address>
         <size>0x26b</size>
         <input_file_ref idref="fl-2"/>
      </object_component>
      <object_component id="oc-1bc">
         <name>.debug_info</name>
         <load_address>0x1851</load_address>
         <run_address>0x1851</run_address>
         <size>0xa8</size>
         <input_file_ref idref="fl-2"/>
      </object_component>
      <object_component id="oc-1b2">
         <name>.debug_info</name>
         <load_address>0x18f9</load_address>
         <run_address>0x18f9</run_address>
         <size>0xa1</size>
         <input_file_ref idref="fl-2"/>
      </object_component>
      <object_component id="oc-22c">
         <name>.debug_info</name>
         <load_address>0x199a</load_address>
         <run_address>0x199a</run_address>
         <size>0xb6</size>
         <input_file_ref idref="fl-2"/>
      </object_component>
      <object_component id="oc-10d">
         <name>.debug_info</name>
         <load_address>0x1a50</load_address>
         <run_address>0x1a50</run_address>
         <size>0x8b</size>
         <input_file_ref idref="fl-2"/>
      </object_component>
      <object_component id="oc-14d">
         <name>.debug_info</name>
         <load_address>0x1adb</load_address>
         <run_address>0x1adb</run_address>
         <size>0x2a4</size>
         <input_file_ref idref="fl-2"/>
      </object_component>
      <object_component id="oc-1b7">
         <name>.debug_info</name>
         <load_address>0x1d7f</load_address>
         <run_address>0x1d7f</run_address>
         <size>0xef</size>
         <input_file_ref idref="fl-2"/>
      </object_component>
      <object_component id="oc-134">
         <name>.debug_info</name>
         <load_address>0x1e6e</load_address>
         <run_address>0x1e6e</run_address>
         <size>0xbb</size>
         <input_file_ref idref="fl-2"/>
      </object_component>
      <object_component id="oc-aa">
         <name>.debug_info</name>
         <load_address>0x1f29</load_address>
         <run_address>0x1f29</run_address>
         <size>0x2c</size>
         <input_file_ref idref="fl-2"/>
      </object_component>
      <object_component id="oc-59c">
         <name>.debug_info</name>
         <load_address>0x1f55</load_address>
         <run_address>0x1f55</run_address>
         <size>0x53</size>
         <input_file_ref idref="fl-2"/>
      </object_component>
      <object_component id="oc-3dd">
         <name>.debug_info</name>
         <load_address>0x1fa8</load_address>
         <run_address>0x1fa8</run_address>
         <size>0x48</size>
         <input_file_ref idref="fl-2"/>
      </object_component>
      <object_component id="oc-346">
         <name>.debug_info</name>
         <load_address>0x1ff0</load_address>
         <run_address>0x1ff0</run_address>
         <size>0x46b</size>
         <input_file_ref idref="fl-3"/>
      </object_component>
      <object_component id="oc-2a4">
         <name>.debug_info</name>
         <load_address>0x245b</load_address>
         <run_address>0x245b</run_address>
         <size>0x2b4</size>
         <input_file_ref idref="fl-3"/>
      </object_component>
      <object_component id="oc-3a1">
         <name>.debug_info</name>
         <load_address>0x270f</load_address>
         <run_address>0x270f</run_address>
         <size>0x10f</size>
         <input_file_ref idref="fl-3"/>
      </object_component>
      <object_component id="oc-2a7">
         <name>.debug_info</name>
         <load_address>0x281e</load_address>
         <run_address>0x281e</run_address>
         <size>0x109</size>
         <input_file_ref idref="fl-3"/>
      </object_component>
      <object_component id="oc-272">
         <name>.debug_info</name>
         <load_address>0x2927</load_address>
         <run_address>0x2927</run_address>
         <size>0x117</size>
         <input_file_ref idref="fl-3"/>
      </object_component>
      <object_component id="oc-342">
         <name>.debug_info</name>
         <load_address>0x2a3e</load_address>
         <run_address>0x2a3e</run_address>
         <size>0x103</size>
         <input_file_ref idref="fl-3"/>
      </object_component>
      <object_component id="oc-1d8">
         <name>.debug_info</name>
         <load_address>0x2b41</load_address>
         <run_address>0x2b41</run_address>
         <size>0x15b</size>
         <input_file_ref idref="fl-3"/>
      </object_component>
      <object_component id="oc-15a">
         <name>.debug_info</name>
         <load_address>0x2c9c</load_address>
         <run_address>0x2c9c</run_address>
         <size>0x1a1</size>
         <input_file_ref idref="fl-3"/>
      </object_component>
      <object_component id="oc-45a">
         <name>.debug_info</name>
         <load_address>0x2e3d</load_address>
         <run_address>0x2e3d</run_address>
         <size>0x198</size>
         <input_file_ref idref="fl-3"/>
      </object_component>
      <object_component id="oc-330">
         <name>.debug_info</name>
         <load_address>0x2fd5</load_address>
         <run_address>0x2fd5</run_address>
         <size>0x878</size>
         <input_file_ref idref="fl-3"/>
      </object_component>
      <object_component id="oc-3f6">
         <name>.debug_info</name>
         <load_address>0x384d</load_address>
         <run_address>0x384d</run_address>
         <size>0x62</size>
         <input_file_ref idref="fl-3"/>
      </object_component>
      <object_component id="oc-120">
         <name>.debug_info</name>
         <load_address>0x38af</load_address>
         <run_address>0x38af</run_address>
         <size>0x15c</size>
         <input_file_ref idref="fl-4"/>
      </object_component>
      <object_component id="oc-36">
         <name>.debug_info</name>
         <load_address>0x3a0b</load_address>
         <run_address>0x3a0b</run_address>
         <size>0x84</size>
         <input_file_ref idref="fl-4"/>
      </object_component>
      <object_component id="oc-154">
         <name>.debug_info</name>
         <load_address>0x3a8f</load_address>
         <run_address>0x3a8f</run_address>
         <size>0x18a</size>
         <input_file_ref idref="fl-e"/>
      </object_component>
      <object_component id="oc-1ed">
         <name>.debug_info</name>
         <load_address>0x3c19</load_address>
         <run_address>0x3c19</run_address>
         <size>0x15e</size>
         <input_file_ref idref="fl-e"/>
      </object_component>
      <object_component id="oc-104">
         <name>.debug_info</name>
         <load_address>0x3d77</load_address>
         <run_address>0x3d77</run_address>
         <size>0x2c</size>
         <input_file_ref idref="fl-e"/>
      </object_component>
      <object_component id="oc-ec">
         <name>.debug_info</name>
         <load_address>0x3da3</load_address>
         <run_address>0x3da3</run_address>
         <size>0x35</size>
         <input_file_ref idref="fl-e"/>
      </object_component>
      <object_component id="oc-1aa">
         <name>.debug_info</name>
         <load_address>0x3dd8</load_address>
         <run_address>0x3dd8</run_address>
         <size>0x400</size>
         <input_file_ref idref="fl-f"/>
      </object_component>
      <object_component id="oc-143">
         <name>.debug_info</name>
         <load_address>0x41d8</load_address>
         <run_address>0x41d8</run_address>
         <size>0x137</size>
         <input_file_ref idref="fl-f"/>
      </object_component>
      <object_component id="oc-13e">
         <name>.debug_info</name>
         <load_address>0x430f</load_address>
         <run_address>0x430f</run_address>
         <size>0x110</size>
         <input_file_ref idref="fl-f"/>
      </object_component>
      <object_component id="oc-2df">
         <name>.debug_info</name>
         <load_address>0x441f</load_address>
         <run_address>0x441f</run_address>
         <size>0x5a8</size>
         <input_file_ref idref="fl-10"/>
      </object_component>
      <object_component id="oc-2d3">
         <name>.debug_info</name>
         <load_address>0x49c7</load_address>
         <run_address>0x49c7</run_address>
         <size>0xdc</size>
         <input_file_ref idref="fl-10"/>
      </object_component>
      <object_component id="oc-2dc">
         <name>.debug_info</name>
         <load_address>0x4aa3</load_address>
         <run_address>0x4aa3</run_address>
         <size>0xe2</size>
         <input_file_ref idref="fl-10"/>
      </object_component>
      <object_component id="oc-2a1">
         <name>.debug_info</name>
         <load_address>0x4b85</load_address>
         <run_address>0x4b85</run_address>
         <size>0x11a</size>
         <input_file_ref idref="fl-10"/>
      </object_component>
      <object_component id="oc-2aa">
         <name>.debug_info</name>
         <load_address>0x4c9f</load_address>
         <run_address>0x4c9f</run_address>
         <size>0xe8</size>
         <input_file_ref idref="fl-10"/>
      </object_component>
      <object_component id="oc-2d9">
         <name>.debug_info</name>
         <load_address>0x4d87</load_address>
         <run_address>0x4d87</run_address>
         <size>0x1a4</size>
         <input_file_ref idref="fl-10"/>
      </object_component>
      <object_component id="oc-3c4">
         <name>.debug_info</name>
         <load_address>0x4f2b</load_address>
         <run_address>0x4f2b</run_address>
         <size>0x187</size>
         <input_file_ref idref="fl-10"/>
      </object_component>
      <object_component id="oc-1f5">
         <name>.debug_info</name>
         <load_address>0x50b2</load_address>
         <run_address>0x50b2</run_address>
         <size>0x185</size>
         <input_file_ref idref="fl-10"/>
      </object_component>
      <object_component id="oc-2d0">
         <name>.debug_info</name>
         <load_address>0x5237</load_address>
         <run_address>0x5237</run_address>
         <size>0x1f1</size>
         <input_file_ref idref="fl-10"/>
      </object_component>
      <object_component id="oc-1e3">
         <name>.debug_info</name>
         <load_address>0x5428</load_address>
         <run_address>0x5428</run_address>
         <size>0x372</size>
         <input_file_ref idref="fl-10"/>
      </object_component>
      <object_component id="oc-2b0">
         <name>.debug_info</name>
         <load_address>0x579a</load_address>
         <run_address>0x579a</run_address>
         <size>0x1dd</size>
         <input_file_ref idref="fl-10"/>
      </object_component>
      <object_component id="oc-1e9">
         <name>.debug_info</name>
         <load_address>0x5977</load_address>
         <run_address>0x5977</run_address>
         <size>0x1de</size>
         <input_file_ref idref="fl-10"/>
      </object_component>
      <object_component id="oc-2f7">
         <name>.debug_info</name>
         <load_address>0x5b55</load_address>
         <run_address>0x5b55</run_address>
         <size>0x1bb</size>
         <input_file_ref idref="fl-10"/>
      </object_component>
      <object_component id="oc-1d5">
         <name>.debug_info</name>
         <load_address>0x5d10</load_address>
         <run_address>0x5d10</run_address>
         <size>0x21c</size>
         <input_file_ref idref="fl-10"/>
      </object_component>
      <object_component id="oc-3ce">
         <name>.debug_info</name>
         <load_address>0x5f2c</load_address>
         <run_address>0x5f2c</run_address>
         <size>0x72</size>
         <input_file_ref idref="fl-10"/>
      </object_component>
      <object_component id="oc-32c">
         <name>.debug_info</name>
         <load_address>0x5f9e</load_address>
         <run_address>0x5f9e</run_address>
         <size>0x5aa</size>
         <input_file_ref idref="fl-11"/>
      </object_component>
      <object_component id="oc-26f">
         <name>.debug_info</name>
         <load_address>0x6548</load_address>
         <run_address>0x6548</run_address>
         <size>0xf3</size>
         <input_file_ref idref="fl-11"/>
      </object_component>
      <object_component id="oc-4e1">
         <name>.debug_info</name>
         <load_address>0x663b</load_address>
         <run_address>0x663b</run_address>
         <size>0x16d</size>
         <input_file_ref idref="fl-11"/>
      </object_component>
      <object_component id="oc-569">
         <name>.debug_info</name>
         <load_address>0x67a8</load_address>
         <run_address>0x67a8</run_address>
         <size>0x25b</size>
         <input_file_ref idref="fl-11"/>
      </object_component>
      <object_component id="oc-4e7">
         <name>.debug_info</name>
         <load_address>0x6a03</load_address>
         <run_address>0x6a03</run_address>
         <size>0x197</size>
         <input_file_ref idref="fl-11"/>
      </object_component>
      <object_component id="oc-4ed">
         <name>.debug_info</name>
         <load_address>0x6b9a</load_address>
         <run_address>0x6b9a</run_address>
         <size>0x127</size>
         <input_file_ref idref="fl-11"/>
      </object_component>
      <object_component id="oc-4f8">
         <name>.debug_info</name>
         <load_address>0x6cc1</load_address>
         <run_address>0x6cc1</run_address>
         <size>0x12d</size>
         <input_file_ref idref="fl-11"/>
      </object_component>
      <object_component id="oc-57f">
         <name>.debug_info</name>
         <load_address>0x6dee</load_address>
         <run_address>0x6dee</run_address>
         <size>0x190</size>
         <input_file_ref idref="fl-11"/>
      </object_component>
      <object_component id="oc-4fe">
         <name>.debug_info</name>
         <load_address>0x6f7e</load_address>
         <run_address>0x6f7e</run_address>
         <size>0x16d</size>
         <input_file_ref idref="fl-11"/>
      </object_component>
      <object_component id="oc-586">
         <name>.debug_info</name>
         <load_address>0x70eb</load_address>
         <run_address>0x70eb</run_address>
         <size>0x1fe</size>
         <input_file_ref idref="fl-11"/>
      </object_component>
      <object_component id="oc-504">
         <name>.debug_info</name>
         <load_address>0x72e9</load_address>
         <run_address>0x72e9</run_address>
         <size>0x177</size>
         <input_file_ref idref="fl-11"/>
      </object_component>
      <object_component id="oc-437">
         <name>.debug_info</name>
         <load_address>0x7460</load_address>
         <run_address>0x7460</run_address>
         <size>0x2dc</size>
         <input_file_ref idref="fl-11"/>
      </object_component>
      <object_component id="oc-414">
         <name>.debug_info</name>
         <load_address>0x773c</load_address>
         <run_address>0x773c</run_address>
         <size>0x13f</size>
         <input_file_ref idref="fl-11"/>
      </object_component>
      <object_component id="oc-2bc">
         <name>.debug_info</name>
         <load_address>0x787b</load_address>
         <run_address>0x787b</run_address>
         <size>0x1df</size>
         <input_file_ref idref="fl-11"/>
      </object_component>
      <object_component id="oc-295">
         <name>.debug_info</name>
         <load_address>0x7a5a</load_address>
         <run_address>0x7a5a</run_address>
         <size>0x246</size>
         <input_file_ref idref="fl-11"/>
      </object_component>
      <object_component id="oc-269">
         <name>.debug_info</name>
         <load_address>0x7ca0</load_address>
         <run_address>0x7ca0</run_address>
         <size>0x193</size>
         <input_file_ref idref="fl-11"/>
      </object_component>
      <object_component id="oc-1cc">
         <name>.debug_info</name>
         <load_address>0x7e33</load_address>
         <run_address>0x7e33</run_address>
         <size>0x151</size>
         <input_file_ref idref="fl-11"/>
      </object_component>
      <object_component id="oc-523">
         <name>.debug_info</name>
         <load_address>0x7f84</load_address>
         <run_address>0x7f84</run_address>
         <size>0x130</size>
         <input_file_ref idref="fl-11"/>
      </object_component>
      <object_component id="oc-41f">
         <name>.debug_info</name>
         <load_address>0x80b4</load_address>
         <run_address>0x80b4</run_address>
         <size>0x19b</size>
         <input_file_ref idref="fl-11"/>
      </object_component>
      <object_component id="oc-36d">
         <name>.debug_info</name>
         <load_address>0x824f</load_address>
         <run_address>0x824f</run_address>
         <size>0x131</size>
         <input_file_ref idref="fl-11"/>
      </object_component>
      <object_component id="oc-396">
         <name>.debug_info</name>
         <load_address>0x8380</load_address>
         <run_address>0x8380</run_address>
         <size>0x158</size>
         <input_file_ref idref="fl-11"/>
      </object_component>
      <object_component id="oc-3aa">
         <name>.debug_info</name>
         <load_address>0x84d8</load_address>
         <run_address>0x84d8</run_address>
         <size>0x19d</size>
         <input_file_ref idref="fl-11"/>
      </object_component>
      <object_component id="oc-400">
         <name>.debug_info</name>
         <load_address>0x8675</load_address>
         <run_address>0x8675</run_address>
         <size>0x2c</size>
         <input_file_ref idref="fl-11"/>
      </object_component>
      <object_component id="oc-4f2">
         <name>.debug_info</name>
         <load_address>0x86a1</load_address>
         <run_address>0x86a1</run_address>
         <size>0x125</size>
         <input_file_ref idref="fl-12"/>
      </object_component>
      <object_component id="oc-571">
         <name>.debug_info</name>
         <load_address>0x87c6</load_address>
         <run_address>0x87c6</run_address>
         <size>0x109</size>
         <input_file_ref idref="fl-12"/>
      </object_component>
      <object_component id="oc-499">
         <name>.debug_info</name>
         <load_address>0x88cf</load_address>
         <run_address>0x88cf</run_address>
         <size>0x1ee</size>
         <input_file_ref idref="fl-14"/>
      </object_component>
      <object_component id="oc-389">
         <name>.debug_info</name>
         <load_address>0x8abd</load_address>
         <run_address>0x8abd</run_address>
         <size>0x172</size>
         <input_file_ref idref="fl-14"/>
      </object_component>
      <object_component id="oc-355">
         <name>.debug_info</name>
         <load_address>0x8c2f</load_address>
         <run_address>0x8c2f</run_address>
         <size>0x4a0</size>
         <input_file_ref idref="fl-17"/>
      </object_component>
      <object_component id="oc-385">
         <name>.debug_info</name>
         <load_address>0x90cf</load_address>
         <run_address>0x90cf</run_address>
         <size>0x1c7</size>
         <input_file_ref idref="fl-17"/>
      </object_component>
      <object_component id="oc-460">
         <name>.debug_info</name>
         <load_address>0x9296</load_address>
         <run_address>0x9296</run_address>
         <size>0x174</size>
         <input_file_ref idref="fl-17"/>
      </object_component>
      <object_component id="oc-380">
         <name>.debug_info</name>
         <load_address>0x940a</load_address>
         <run_address>0x940a</run_address>
         <size>0x1a5</size>
         <input_file_ref idref="fl-17"/>
      </object_component>
      <object_component id="oc-29b">
         <name>.debug_info</name>
         <load_address>0x95af</load_address>
         <run_address>0x95af</run_address>
         <size>0x235</size>
         <input_file_ref idref="fl-17"/>
      </object_component>
      <object_component id="oc-28f">
         <name>.debug_info</name>
         <load_address>0x97e4</load_address>
         <run_address>0x97e4</run_address>
         <size>0x30d</size>
         <input_file_ref idref="fl-17"/>
      </object_component>
      <object_component id="oc-54c">
[...]
         <name>GPIO_toggle</name>
         <value>0x2000d8d5</value>
         <object_component_ref idref="oc-2f3"/>
      </symbol>
      <symbol id="sm-211">
         <name>GPIO_disableInt</name>
         <value>0x2000dd25</value>
         <object_component_ref idref="oc-3c0"/>
      </symbol>
      <symbol id="sm-212">
         <name>GPIO_enableInt</name>
         <value>0x2000dd6d</value>
         <object_component_ref idref="oc-1f1"/>
      </symbol>
      <symbol id="sm-213">
         <name>GPIO_write</name>
         <value>0x2000d47d</value>
         <object_component_ref idref="oc-1e5"/>
      </symbol>
      <symbol id="sm-214">
         <name>GPIO_hwiIntFxn</name>
         <value>0x2000d875</value>
         <object_component_ref idref="oc-2d5"/>
      </symbol>
      <symbol id="sm-34c">
         <name>PowerCC32XX_contextSave</name>
         <value>0x2000ef50</value>
      </symbol>
      <symbol id="sm-34d">
         <name>PowerCC32XX_configureWakeup</name>
         <value>0x2000ce3d</value>
         <object_component_ref idref="oc-268"/>
      </symbol>
      <symbol id="sm-34e">
         <name>Power_registerNotify</name>
         <value>0x2000e2c5</value>
         <object_component_ref idref="oc-293"/>
      </symbol>
      <symbol id="sm-34f">
         <name>PowerCC32XX_restoreParkedPin</name>
         <value>0x2000e241</value>
         <object_component_ref idref="oc-584"/>
      </symbol>
      <symbol id="sm-350">
         <name>Power_sleep</name>
         <value>0x2000c8a9</value>
         <object_component_ref idref="oc-435"/>
      </symbol>
      <symbol id="sm-351">
         <name>Power_idleFunc</name>
         <value>0x2000e485</value>
         <object_component_ref idref="oc-522"/>
      </symbol>
      <symbol id="sm-352">
         <name>Power_getConstraintMask</name>
         <value>0x2000e661</value>
         <object_component_ref idref="oc-412"/>
      </symbol>
      <symbol id="sm-353">
         <name>Power_disablePolicy</name>
         <value>0x2000e579</value>
         <object_component_ref idref="oc-395"/>
      </symbol>
      <symbol id="sm-354">
         <name>Power_init</name>
         <value>0x2000d375</value>
         <object_component_ref idref="oc-1cb"/>
      </symbol>
      <symbol id="sm-355">
         <name>PowerCC32XX_setParkState</name>
         <value>0x2000d7ad</value>
         <object_component_ref idref="oc-3a9"/>
      </symbol>
      <symbol id="sm-356">
         <name>Power_getDependencyCount</name>
         <value>0x2000e58d</value>
         <object_component_ref idref="oc-57d"/>
      </symbol>
      <symbol id="sm-357">
         <name>Power_enablePolicy</name>
         <value>0x2000e615</value>
         <object_component_ref idref="oc-36c"/>
      </symbol>
      <symbol id="sm-358">
         <name>PowerCC32XX_parkPin</name>
         <value>0x2000dbfd</value>
         <object_component_ref idref="oc-567"/>
      </symbol>
      <symbol id="sm-359">
         <name>PowerCC32XX_module</name>
         <value>0x2000e9b0</value>
         <object_component_ref idref="oc-26e"/>
      </symbol>
      <symbol id="sm-35a">
         <name>Power_getTransitionLatency</name>
         <value>0x2000e46d</value>
         <object_component_ref idref="oc-41e"/>
      </symbol>
      <symbol id="sm-35b">
         <name>Power_setDependency</name>
         <value>0x2000d4fd</value>
         <object_component_ref idref="oc-2ba"/>
      </symbol>
      <symbol id="sm-36c">
         <name>PowerCC32XX_enterLPDS</name>
         <value>0x2000decd</value>
         <object_component_ref idref="oc-4f1"/>
      </symbol>
      <symbol id="sm-36d">
         <name>PowerCC32XX_resumeLPDS</name>
         <value>0x2000db09</value>
         <object_component_ref idref="oc-570"/>
      </symbol>
      <symbol id="sm-37c">
         <name>List_put</name>
         <value>0x2000e315</value>
         <object_component_ref idref="oc-388"/>
      </symbol>
      <symbol id="sm-400">
         <name>SemaphoreP_defaultParams</name>
         <value>0x2000ecb0</value>
         <object_component_ref idref="oc-45f"/>
      </symbol>
      <symbol id="sm-401">
         <name>SemaphoreP_construct</name>
         <value>0x2000dbad</value>
         <object_component_ref idref="oc-463"/>
      </symbol>
      <symbol id="sm-402">
         <name>SemaphoreP_create</name>
         <value>0x2000e511</value>
         <object_component_ref idref="oc-34e"/>
      </symbol>
      <symbol id="sm-403">
         <name>SemaphoreP_destruct</name>
         <value>0x2000e093</value>
         <object_component_ref idref="oc-54a"/>
      </symbol>
      <symbol id="sm-404">
         <name>SemaphoreP_post</name>
         <value>0x2000df11</value>
         <object_component_ref idref="oc-299"/>
      </symbol>
      <symbol id="sm-405">
         <name>SemaphoreP_pend</name>
         <value>0x2000cee5</value>
         <object_component_ref idref="oc-28d"/>
      </symbol>
      <symbol id="sm-406">
         <name>SemaphoreP_delete</name>
         <value>0x2000e697</value>
         <object_component_ref idref="oc-287"/>
      </symbol>
      <symbol id="sm-407">
         <name>SemaphoreP_createBinary</name>
         <value>0x2000e435</value>
         <object_component_ref idref="oc-275"/>
      </symbol>
      <symbol id="sm-408">
         <name>SemaphoreP_Params_init</name>
         <value>0x2000e625</value>
         <object_component_ref idref="oc-348"/>
      </symbol>
      <symbol id="sm-409">
         <name>clkFxn</name>
         <value>0x2000e44f</value>
         <object_component_ref idref="oc-37e"/>
      </symbol>
      <symbol id="sm-4f1">
         <name>ClockP_ctrl</name>
         <value>0x2000f198</value>
      </symbol>
      <symbol id="sm-4f2">
         <name>ClockP_doTick</name>
         <value>0x2000e68f</value>
         <object_component_ref idref="oc-446"/>
      </symbol>
      <symbol id="sm-4f3">
         <name>ClockP_startup</name>
         <value>0x2000e1a9</value>
         <object_component_ref idref="oc-4b4"/>
      </symbol>
      <symbol id="sm-4f4">
         <name>ClockP_stop</name>
         <value>0x2000de45</value>
         <object_component_ref idref="oc-48b"/>
      </symbol>
      <symbol id="sm-4f5">
         <name>ClockP_getTicksUntilInterrupt</name>
         <value>0x2000e175</value>
         <object_component_ref idref="oc-418"/>
      </symbol>
      <symbol id="sm-4f6">
         <name>ClockP_setTicks</name>
         <value>0x2000e5f5</value>
         <object_component_ref idref="oc-440"/>
      </symbol>
      <symbol id="sm-4f7">
         <name>ClockP_tickPeriod</name>
         <value>0x2000ecc0</value>
         <object_component_ref idref="oc-452"/>
      </symbol>
      <symbol id="sm-4f8">
         <name>ClockP_usleep</name>
         <value>0x2000dc95</value>
         <object_component_ref idref="oc-3d3"/>
      </symbol>
      <symbol id="sm-4f9">
         <name>ClockP_getSystemTicks</name>
         <value>0x2000e5e5</value>
         <object_component_ref idref="oc-424"/>
      </symbol>
      <symbol id="sm-4fa">
         <name>ClockP_destruct</name>
         <value>0x2000e01d</value>
         <object_component_ref idref="oc-378"/>
      </symbol>
      <symbol id="sm-4fb">
         <name>ClockP_start</name>
         <value>0x2000e211</value>
         <object_component_ref idref="oc-366"/>
      </symbol>
      <symbol id="sm-4fc">
         <name>ClockP_sysTickHandler</name>
         <value>0x2000db5d</value>
         <object_component_ref idref="oc-79"/>
      </symbol>
      <symbol id="sm-4fd">
         <name>ClockP_isActive</name>
         <value>0x2000e66d</value>
         <object_component_ref idref="oc-372"/>
      </symbol>
      <symbol id="sm-4fe">
         <name>ClockP_getCpuFreq</name>
         <value>0x2000e5d5</value>
         <object_component_ref idref="oc-406"/>
      </symbol>
      <symbol id="sm-4ff">
         <name>ClockP_add</name>
         <value>0x2000e5c5</value>
         <object_component_ref idref="oc-360"/>
      </symbol>
      <symbol id="sm-570">
         <name>HwiP_construct</name>
         <value>0x2000d1d9</value>
         <object_component_ref idref="oc-3b9"/>
      </symbol>
      <symbol id="sm-571">
         <name>HwiP_inISR</name>
         <value>0x2000e551</value>
         <object_component_ref idref="oc-38f"/>
      </symbol>
      <symbol id="sm-572">
         <name>HwiP_dispatch</name>
         <value>0x2000e33d</value>
         <object_component_ref idref="oc-4a9"/>
      </symbol>
      <symbol id="sm-573">
         <name>HwiP_swiPIntNum</name>
         <value>0x2000ecbc</value>
         <object_component_ref idref="oc-4af"/>
      </symbol>
      <symbol id="sm-574">
         <name>HwiP_Params_init</name>
         <value>0x2000e5a1</value>
         <object_component_ref idref="oc-2c0"/>
      </symbol>
      <symbol id="sm-575">
         <name>HwiP_disable</name>
         <value>0x2000e635</value>
         <object_component_ref idref="oc-27b"/>
      </symbol>
      <symbol id="sm-576">
         <name>HwiP_key</name>
         <value>0x2000ecb8</value>
         <object_component_ref idref="oc-4af"/>
      </symbol>
      <symbol id="sm-577">
         <name>HwiP_create</name>
         <value>0x2000e271</value>
         <object_component_ref idref="oc-2c6"/>
      </symbol>
      <symbol id="sm-578">
         <name>HwiP_post</name>
         <value>0x2000e693</value>
         <object_component_ref idref="oc-518"/>
      </symbol>
      <symbol id="sm-579">
         <name>HwiP_enable</name>
         <value>0x2000e643</value>
         <object_component_ref idref="oc-15f"/>
      </symbol>
      <symbol id="sm-57a">
         <name>HwiP_restore</name>
         <value>0x2000e605</value>
         <object_component_ref idref="oc-281"/>
      </symbol>
      <symbol id="sm-5aa">
         <name>PowerCC32XX_initPolicy</name>
         <value>0x2000db5b</value>
         <object_component_ref idref="oc-335"/>
      </symbol>
      <symbol id="sm-5ab">
         <name>PowerCC32XX_sleepPolicy</name>
         <value>0x2000c46d</value>
         <object_component_ref idref="oc-33b"/>
      </symbol>
      <symbol id="sm-5fb">
         <name>resetISR</name>
         <value>0x2000e451</value>
         <object_component_ref idref="oc-21"/>
      </symbol>
      <symbol id="sm-5fc">
         <name>resetVectorAddr</name>
         <value>0x2000e464</value>
         <object_component_ref idref="oc-21"/>
      </symbol>
      <symbol id="sm-5fd">
         <name>initVectors</name>
         <value>0x2000e105</value>
         <object_component_ref idref="oc-59"/>
      </symbol>
      <symbol id="sm-5fe">
         <name>resetVectors</name>
         <value>0x20004000</value>
         <object_component_ref idref="oc-27"/>
      </symbol>
      <symbol id="sm-62e">
         <name>SwiP_disable</name>
         <value>0x2000e3e1</value>
         <object_component_ref idref="oc-40c"/>
      </symbol>
      <symbol id="sm-62f">
         <name>SwiP_restore</name>
         <value>0x2000df55</value>
         <object_component_ref idref="oc-44c"/>
      </symbol>
      <symbol id="sm-63a">
         <name>CPUcpsid</name>
         <value>0x2000e53b</value>
         <object_component_ref idref="oc-a3"/>
      </symbol>
      <symbol id="sm-67f">
         <name>IntVTableBaseSet</name>
         <value>0x2000e565</value>
         <object_component_ref idref="oc-af"/>
      </symbol>
      <symbol id="sm-680">
         <name>IntEnable</name>
         <value>0x2000cd95</value>
         <object_component_ref idref="oc-b5"/>
      </symbol>
      <symbol id="sm-681">
         <name>IntMasterDisable</name>
         <value>0x2000e677</value>
         <object_component_ref idref="oc-53"/>
      </symbol>
      <symbol id="sm-682">
         <name>IntPendSet</name>
         <value>0x2000d265</value>
         <object_component_ref idref="oc-593"/>
      </symbol>
      <symbol id="sm-6bc">
         <name>PinModeGet</name>
         <value>0x2000e1dd</value>
         <object_component_ref idref="oc-25b"/>
      </symbol>
      <symbol id="sm-6bd">
         <name>PinConfigSet</name>
         <value>0x2000d2ed</value>
         <object_component_ref idref="oc-2b4"/>
      </symbol>
      <symbol id="sm-6be">
         <name>PinModeSet</name>
         <value>0x2000dfdd</value>
         <object_component_ref idref="oc-261"/>
      </symbol>
      <symbol id="sm-6bf">
         <name>PinToPadGet</name>
         <value>0x2000e3c5</value>
         <object_component_ref idref="oc-561"/>
      </symbol>
      <symbol id="sm-788">
         <name>PRCMLPDSRestoreInfoSet</name>
         <value>0x2000de89</value>
         <object_component_ref idref="oc-575"/>
      </symbol>
      <symbol id="sm-789">
         <name>PRCMPeripheralReset</name>
         <value>0x2000dab1</value>
         <object_component_ref idref="oc-24f"/>
      </symbol>
      <symbol id="sm-78a">
         <name>PRCMLPDSEnter</name>
         <value>0x2000ddb5</value>
         <object_component_ref idref="oc-508"/>
      </symbol>
      <symbol id="sm-78b">
         <name>PRCMPeripheralClkEnable</name>
         <value>0x2000ddfd</value>
         <object_component_ref idref="oc-249"/>
      </symbol>
      <symbol id="sm-78c">
         <name>PRCMLPDSEnterKeepDebugIf</name>
         <value>0x2000e095</value>
         <object_component_ref idref="oc-50e"/>
      </symbol>
      <symbol id="sm-78d">
         <name>PRCMCC3200MCUInit</name>
         <value>0x2000c041</value>
         <object_component_ref idref="oc-1c5"/>
      </symbol>
      <symbol id="sm-78e">
         <name>PRCMHIBRegWrite</name>
         <value>0x2000e4fb</value>
         <object_component_ref idref="oc-23d"/>
      </symbol>
      <symbol id="sm-78f">
         <name>PRCMSysResetCauseGet</name>
         <value>0x2000d935</value>
         <object_component_ref idref="oc-236"/>
      </symbol>
      <symbol id="sm-790">
         <name>PRCMPeripheralClkDisable</name>
         <value>0x2000e29d</value>
         <object_component_ref idref="oc-255"/>
      </symbol>
      <symbol id="sm-791">
         <name>PRCMHIBRegRead</name>
         <value>0x2000e4e5</value>
         <object_component_ref idref="oc-243"/>
      </symbol>
      <symbol id="sm-796">
         <name>UtilsDelay</name>
         <value>0x2000e689</value>
         <object_component_ref idref="oc-23c"/>
      </symbol>
      <symbol id="sm-7a6">
         <name>FlashDisable</name>
         <value>0x2000dcdd</value>
         <object_component_ref idref="oc-58b"/>
      </symbol>
      <symbol id="sm-7af">
         <name>__aeabi_lmul</name>
         <value>0x2000e4cd</value>
         <object_component_ref idref="oc-43b"/>
      </symbol>
      <symbol id="sm-7ca">
         <name>memcpy</name>
         <value>0x2000cf85</value>
         <object_component_ref idref="oc-3b"/>
      </symbol>
      <symbol id="sm-7cb">
         <name>__aeabi_memcpy</name>
         <value>0x2000cf85</value>
         <object_component_ref idref="oc-3b"/>
      </symbol>
      <symbol id="sm-7cc">
         <name>__aeabi_memcpy8</name>
         <value>0x2000cf85</value>
         <object_component_ref idref="oc-3b"/>
      </symbol>
      <symbol id="sm-7cd">
         <name>__aeabi_memcpy4</name>
         <value>0x2000cf85</value>
         <object_component_ref idref="oc-3b"/>
      </symbol>
      <symbol id="sm-7da">
         <name>__aeabi_uldivmod</name>
         <value>0x2000d021</value>
         <object_component_ref idref="oc-430"/>
      </symbol>
      <symbol id="sm-7ee">
         <name>__TI_zero_init_nomemset</name>
         <value>0x2000e3fd</value>
         <object_component_ref idref="oc-47"/>
      </symbol>
      <symbol id="sm-805">
         <name>__TI_decompress_none</name>
         <value>0x2000e651</value>
         <object_component_ref idref="oc-1a"/>
      </symbol>
      <symbol id="sm-828">
         <name>__TI_decompress_lzss</name>
         <value>0x2000d6e1</value>
         <object_component_ref idref="oc-14"/>
      </symbol>
      <symbol id="sm-8b1">
         <name>_sys_memory</name>
         <value>0x20004040</value>
         <object_component_ref idref="oc-2a"/>
      </symbol>
      <symbol id="sm-8b2">
         <name>free</name>
         <value>0x2000cbf1</value>
         <object_component_ref idref="oc-359"/>
      </symbol>
      <symbol id="sm-8b3">
         <name>memalign</name>
         <value>0x2000caf1</value>
         <object_component_ref idref="oc-49f"/>
      </symbol>
      <symbol id="sm-8b4">
         <name>malloc</name>
         <value>0x2000e681</value>
         <object_component_ref idref="oc-3b3"/>
      </symbol>
      <symbol id="sm-8b5">
         <name>aligned_alloc</name>
         <value>0x2000caf1</value>
         <object_component_ref idref="oc-49f"/>
      </symbol>
      <symbol id="sm-8c7">
         <name>__stack</name>
         <value>0x20003000</value>
         <object_component_ref idref="oc-2d"/>
      </symbol>
      <symbol id="sm-8c8">
         <name>_c_int00_noargs</name>
         <value>0x2000e361</value>
         <object_component_ref idref="oc-c5"/>
      </symbol>
      <symbol id="sm-8d2">
         <name>__aeabi_idiv0</name>
         <value>0x2000e6a3</value>
         <object_component_ref idref="oc-4d9"/>
      </symbol>
      <symbol id="sm-8d3">
         <name>__aeabi_ldiv0</name>
         <value>0x2000e6a3</value>
         <object_component_ref idref="oc-4d9"/>
      </symbol>
      <symbol id="sm-8fc">
         <name>__TI_auto_init_nobinit_nopinit</name>
         <value>0x2000df99</value>
         <object_component_ref idref="oc-178"/>
      </symbol>
      <symbol id="sm-906">
         <name>_system_pre_init</name>
         <value>0x2000e69b</value>
         <object_component_ref idref="oc-119"/>
      </symbol>
      <symbol id="sm-912">
         <name>C$$EXIT</name>
         <value>0x2000e69f</value>
         <object_component_ref idref="oc-16c"/>
      </symbol>
      <symbol id="sm-913">
         <name>abort</name>
         <value>0x2000e69f</value>
         <object_component_ref idref="oc-16c"/>
      </symbol>
      <symbol id="sm-928">
         <name>_nop</name>
         <value>0x2000e29b</value>
         <object_component_ref idref="oc-2fd"/>
      </symbol>
      <symbol id="sm-929">
         <name>_lock</name>
         <value>0x2000eca0</value>
         <object_component_ref idref="oc-20e"/>
      </symbol>
      <symbol id="sm-92a">
         <name>_unlock</name>
         <value>0x2000eca4</value>
         <object_component_ref idref="oc-20e"/>
      </symbol>
      <symbol id="sm-92c">
         <name>__TI_static_base__</name>
         <value>0x2000f1c0</value>
      </symbol>
      <symbol id="sm-92f">
         <name>ITM_flush</name>
         <value>0x0</value>
      </symbol>
      <symbol id="sm-930">
         <name>ITM_restore</name>
         <value>0x0</value>
      </symbol>
      <symbol id="sm-931">
         <name>__mpu_init</name>
         <value>0x0</value>
      </symbol>
      <symbol id="sm-932">
         <name>_system_post_cinit</name>
         <value>0x0</value>
      </symbol>
      <symbol id="sm-933">
         <name>usleep</name>
         <value>0x2000dc95</value>
      </symbol>
      <symbol id="sm-934">
         <name>NoRTOS_start</name>
         <value>0x2000e643</value>
      </symbol>
   </symbol_table>
   <title>Link successful</title>
</link_info>
