<?xml version="1.0" encoding="ISO-8859-1" ?>
<link_info>
   <banner>TI ARM Linker PC v20.2.7.LTS</banner>
   <copyright>Copyright (c) 1996-2018 Texas Instruments Incorporated</copyright>
   <link_time>0x6417bdc5</link_time>
   <link_errors>0x0</link_errors>
   <output_file>uart2echo_CC3220S_LAUNCHXL_nortos_ccs.out</output_file>
   <entry_point>
      <name>resetISR</name>
      <address>0x2000f72d</address>
   </entry_point>
   <input_file_list>
      <input_file id="fl-2">
         <path>.\</path>
         <kind>object</kind>
         <file>main_nortos.obj</file>
         <name>main_nortos.obj</name>
      </input_file>
      <input_file id="fl-3">
         <path>.\</path>
         <kind>object</kind>
         <file>uart2echo.obj</file>
         <name>uart2echo.obj</name>
      </input_file>
      <input_file id="fl-4">
         <path>.\syscfg\</path>
         <kind>object</kind>
         <file>ti_drivers_config.obj</file>
         <name>ti_drivers_config.obj</name>
      </input_file>
      <input_file id="fl-d">
         <kind>object</kind>
         <file>&lt;internal&gt;</file>
         <name>&lt;internal&gt;</name>
      </input_file>
      <input_file id="fl-e">
         <path>C:\ti\simplelink_cc32xx_sdk_6_10_00_05\source\ti\drivers\lib\ccs\m4\</path>
         <kind>archive</kind>
         <file>drivers_cc32xx.a</file>
         <name>UART2.oem4</name>
      </input_file>
      <input_file id="fl-f">
         <path>C:\ti\simplelink_cc32xx_sdk_6_10_00_05\source\ti\drivers\lib\ccs\m4\</path>
         <kind>archive</kind>
         <file>drivers_cc32xx.a</file>
         <name>RingBuf.oem4</name>
      </input_file>
      <input_file id="fl-10">
         <path>C:\ti\simplelink_cc32xx_sdk_6_10_00_05\source\ti\drivers\lib\ccs\m4\</path>
         <kind>archive</kind>
         <file>drivers_cc32xx.a</file>
         <name>GPIOCC32XX.oem4</name>
      </input_file>
      <input_file id="fl-11">
         <path>C:\ti\simplelink_cc32xx_sdk_6_10_00_05\source\ti\drivers\lib\ccs\m4\</path>
         <kind>archive</kind>
         <file>drivers_cc32xx.a</file>
         <name>PowerCC32XX.oem4</name>
      </input_file>
      <input_file id="fl-12">
         <path>C:\ti\simplelink_cc32xx_sdk_6_10_00_05\source\ti\drivers\lib\ccs\m4\</path>
         <kind>archive</kind>
         <file>drivers_cc32xx.a</file>
         <name>PowerCC32XX_asm.oem4</name>
      </input_file>
      <input_file id="fl-13">
         <path>C:\ti\simplelink_cc32xx_sdk_6_10_00_05\source\ti\drivers\lib\ccs\m4\</path>
         <kind>archive</kind>
         <file>drivers_cc32xx.a</file>
         <name>UART2CC32XX.oem4</name>
      </input_file>
      <input_file id="fl-14">
         <path>C:\ti\simplelink_cc32xx_sdk_6_10_00_05\source\ti\drivers\lib\ccs\m4\</path>
         <kind>archive</kind>
         <file>drivers_cc32xx.a</file>
         <name>List.oem4</name>
      </input_file>
      <input_file id="fl-15">
         <path>C:\ti\simplelink_cc32xx_sdk_6_10_00_05\source\ti\drivers\lib\ccs\m4\</path>
         <kind>archive</kind>
         <file>drivers_cc32xx.a</file>
         <name>UDMACC32XX.oem4</name>
      </input_file>
      <input_file id="fl-16">
         <path>C:\ti\simplelink_cc32xx_sdk_6_10_00_05\kernel\nortos\lib\ccs\m4\</path>
         <kind>archive</kind>
         <file>nortos_cc32xx.a</file>
         <name>NoRTOS.oem4</name>
      </input_file>
      <input_file id="fl-17">
         <path>C:\ti\simplelink_cc32xx_sdk_6_10_00_05\kernel\nortos\lib\ccs\m4\</path>
         <kind>archive</kind>
         <file>nortos_cc32xx.a</file>
         <name>SemaphoreP_nortos.oem4</name>
      </input_file>
      <input_file id="fl-18">
         <path>C:\ti\simplelink_cc32xx_sdk_6_10_00_05\kernel\nortos\lib\ccs\m4\</path>
         <kind>archive</kind>
         <file>nortos_cc32xx.a</file>
         <name>ClockPSysTick_nortos.oem4</name>
      </input_file>
      <input_file id="fl-19">
         <path>C:\ti\simplelink_cc32xx_sdk_6_10_00_05\kernel\nortos\lib\ccs\m4\</path>
         <kind>archive</kind>
         <file>nortos_cc32xx.a</file>
         <name>HwiPCC32XX_nortos.oem4</name>
      </input_file>
      <input_file id="fl-1a">
         <path>C:\ti\simplelink_cc32xx_sdk_6_10_00_05\kernel\nortos\lib\ccs\m4\</path>
         <kind>archive</kind>
         <file>nortos_cc32xx.a</file>
         <name>PowerCC32XX_nortos.oem4</name>
      </input_file>
      <input_file id="fl-1b">
         <path>C:\ti\simplelink_cc32xx_sdk_6_10_00_05\kernel\nortos\lib\ccs\m4\</path>
         <kind>archive</kind>
         <file>nortos_cc32xx.a</file>
         <name>startup_cc32xx_ccs.oem4</name>
      </input_file>
      <input_file id="fl-1c">
         <path>C:\ti\simplelink_cc32xx_sdk_6_10_00_05\kernel\nortos\lib\ccs\m4\</path>
         <kind>archive</kind>
         <file>nortos_cc32xx.a</file>
         <name>SwiP_nortos.oem4</name>
      </input_file>
      <input_file id="fl-1d">
         <path>C:\ti\simplelink_cc32xx_sdk_6_10_00_05\kernel\nortos\lib\ccs\m4\</path>
         <kind>archive</kind>
         <file>nortos_cc32xx.a</file>
         <name>QueueP_nortos.oem4</name>
      </input_file>
      <input_file id="fl-1e">
         <path>C:\ti\simplelink_cc32xx_sdk_6_10_00_05\source\ti\devices\cc32xx\driverlib\ccs\Release\</path>
         <kind>archive</kind>
         <file>driverlib.a</file>
         <name>cpu.obj</name>
      </input_file>
      <input_file id="fl-1f">
         <path>C:\ti\simplelink_cc32xx_sdk_6_10_00_05\source\ti\devices\cc32xx\driverlib\ccs\Release\</path>
         <kind>archive</kind>
         <file>driverlib.a</file>
         <name>interrupt.obj</name>
      </input_file>
      <input_file id="fl-20">
         <path>C:\ti\simplelink_cc32xx_sdk_6_10_00_05\source\ti\devices\cc32xx\driverlib\ccs\Release\</path>
         <kind>archive</kind>
         <file>driverlib.a</file>
         <name>pin.obj</name>
      </input_file>
      <input_file id="fl-21">
         <path>C:\ti\simplelink_cc32xx_sdk_6_10_00_05\source\ti\devices\cc32xx\driverlib\ccs\Release\</path>
         <kind>archive</kind>
         <file>driverlib.a</file>
         <name>prcm.obj</name>
      </input_file>
      <input_file id="fl-22">
         <path>C:\ti\simplelink_cc32xx_sdk_6_10_00_05\source\ti\devices\cc32xx\driverlib\ccs\Release\</path>
         <kind>archive</kind>
         <file>driverlib.a</file>
         <name>uart.obj</name>
      </input_file>
      <input_file id="fl-23">
         <path>C:\ti\simplelink_cc32xx_sdk_6_10_00_05\source\ti\devices\cc32xx\driverlib\ccs\Release\</path>
         <kind>archive</kind>
         <file>driverlib.a</file>
         <name>udma.obj</name>
      </input_file>
      <input_file id="fl-24">
         <path>C:\ti\simplelink_cc32xx_sdk_6_10_00_05\source\ti\devices\cc32xx\driverlib\ccs\Release\</path>
         <kind>archive</kind>
         <file>driverlib.a</file>
         <name>utils.obj</name>
      </input_file>
      <input_file id="fl-25">
         <path>C:\ti\simplelink_cc32xx_sdk_6_10_00_05\source\ti\devices\cc32xx\driverlib\ccs\Release\</path>
         <kind>archive</kind>
         <file>driverlib.a</file>
         <name>flash.obj</name>
      </input_file>
      <input_file id="fl-db">
         <path>C:\ti\ccs1220\ccs\tools\compiler\ti-cgt-arm_20.2.7.LTS\lib\</path>
         <kind>archive</kind>
         <file>rtsv7M4_T_le_eabi.lib</file>
         <name>ll_mul_t2.asm.obj</name>
      </input_file>
      <input_file id="fl-dc">
         <path>C:\ti\ccs1220\ccs\tools\compiler\ti-cgt-arm_20.2.7.LTS\lib\</path>
         <kind>archive</kind>
         <file>rtsv7M4_T_le_eabi.lib</file>
         <name>memcpy_t2.asm.obj</name>
      </input_file>
      <input_file id="fl-dd">
         <path>C:\ti\ccs1220\ccs\tools\compiler\ti-cgt-arm_20.2.7.LTS\lib\</path>
         <kind>archive</kind>
         <file>rtsv7M4_T_le_eabi.lib</file>
         <name>ull_div_t2.asm.obj</name>
      </input_file>
      <input_file id="fl-de">
         <path>C:\ti\ccs1220\ccs\tools\compiler\ti-cgt-arm_20.2.7.LTS\lib\</path>
         <kind>archive</kind>
         <file>rtsv7M4_T_le_eabi.lib</file>
         <name>copy_zero_init.c.obj</name>
      </input_file>
      <input_file id="fl-df">
         <path>C:\ti\ccs1220\ccs\tools\compiler\ti-cgt-arm_20.2.7.LTS\lib\</path>
         <kind>archive</kind>
         <file>rtsv7M4_T_le_eabi.lib</file>
         <name>copy_decompress_none.c.obj</name>
      </input_file>
      <input_file id="fl-e0">
         <path>C:\ti\ccs1220\ccs\tools\compiler\ti-cgt-arm_20.2.7.LTS\lib\</path>
         <kind>archive</kind>
         <file>rtsv7M4_T_le_eabi.lib</file>
         <name>copy_decompress_lzss.c.obj</name>
      </input_file>
      <input_file id="fl-e1">
         <path>C:\ti\ccs1220\ccs\tools\compiler\ti-cgt-arm_20.2.7.LTS\lib\</path>
         <kind>archive</kind>
         <file>rtsv7M4_T_le_eabi.lib</file>
         <name>memory.c.obj</name>
      </input_file>
      <input_file id="fl-e2">
         <path>C:\ti\ccs1220\ccs\tools\compiler\ti-cgt-arm_20.2.7.LTS\lib\</path>
         <kind>archive</kind>
         <file>rtsv7M4_T_le_eabi.lib</file>
         <name>boot_cortex_m.c.obj</name>
      </input_file>
      <input_file id="fl-e3">
         <path>C:\ti\ccs1220\ccs\tools\compiler\ti-cgt-arm_20.2.7.LTS\lib\</path>
         <kind>archive</kind>
         <file>rtsv7M4_T_le_eabi.lib</file>
         <name>div0.asm.obj</name>
      </input_file>
      <input_file id="fl-e4">
         <path>C:\ti\ccs1220\ccs\tools\compiler\ti-cgt-arm_20.2.7.LTS\lib\</path>
         <kind>archive</kind>
         <file>rtsv7M4_T_le_eabi.lib</file>
         <name>memset_t2.asm.obj</name>
      </input_file>
      <input_file id="fl-e5">
         <path>C:\ti\ccs1220\ccs\tools\compiler\ti-cgt-arm_20.2.7.LTS\lib\</path>
         <kind>archive</kind>
         <file>rtsv7M4_T_le_eabi.lib</file>
         <name>autoinit.c.obj</name>
      </input_file>
      <input_file id="fl-e6">
         <path>C:\ti\ccs1220\ccs\tools\compiler\ti-cgt-arm_20.2.7.LTS\lib\</path>
         <kind>archive</kind>
         <file>rtsv7M4_T_le_eabi.lib</file>
         <name>pre_init.c.obj</name>
      </input_file>
      <input_file id="fl-e7">
         <path>C:\ti\ccs1220\ccs\tools\compiler\ti-cgt-arm_20.2.7.LTS\lib\</path>
         <kind>archive</kind>
         <file>rtsv7M4_T_le_eabi.lib</file>
         <name>cpy_tbl.c.obj</name>
      </input_file>
      <input_file id="fl-e8">
         <path>C:\ti\ccs1220\ccs\tools\compiler\ti-cgt-arm_20.2.7.LTS\lib\</path>
         <kind>archive</kind>
         <file>rtsv7M4_T_le_eabi.lib</file>
         <name>exit.c.obj</name>
      </input_file>
      <input_file id="fl-e9">
         <path>C:\ti\ccs1220\ccs\tools\compiler\ti-cgt-arm_20.2.7.LTS\lib\</path>
         <kind>archive</kind>
         <file>rtsv7M4_T_le_eabi.lib</file>
         <name>_lock.c.obj</name>
      </input_file>
      <input_file id="fl-ea">
         <path>C:\ti\ccs1220\ccs\tools\compiler\ti-cgt-arm_20.2.7.LTS\lib\</path>
         <kind>archive</kind>
         <file>rtsv7M4_T_le_eabi.lib</file>
         <name>args_main.c.obj</name>
      </input_file>
   </input_file_list>
   <object_component_list>
      <object_component id="oc-1c5">
         <name>.text:PRCMCC3200MCUInit</name>
         <load_address>0x2000c040</load_address>
         <run_address>0x2000c040</run_address>
         <size>0x42c</size>
         <input_file_ref idref="fl-21"/>
      </object_component>
      <object_component id="oc-36d">
         <name>.text:UART2_writeTimeout</name>
         <load_address>0x2000c46c</load_address>
         <run_address>0x2000c46c</run_address>
         <size>0x298</size>
         <input_file_ref idref="fl-e"/>
      </object_component>
      <object_component id="oc-1eb">
         <name>.text:UART2_open</name>
         <load_address>0x2000c704</load_address>
         <run_address>0x2000c704</run_address>
         <size>0x294</size>
         <input_file_ref idref="fl-13"/>
      </object_component>
      <object_component id="oc-353">
         <name>.text:UART2CC32XX_hwiIntFxn</name>
         <load_address>0x2000c998</load_address>
         <run_address>0x2000c998</run_address>
         <size>0x234</size>
         <input_file_ref idref="fl-13"/>
      </object_component>
      <object_component id="oc-37a">
         <name>.text:UART2_readTimeout</name>
         <load_address>0x2000cbcc</load_address>
         <run_address>0x2000cbcc</run_address>
         <size>0x200</size>
         <input_file_ref idref="fl-e"/>
      </object_component>
      <object_component id="oc-3c5">
         <name>.text:PowerCC32XX_sleepPolicy</name>
         <load_address>0x2000cdcc</load_address>
         <run_address>0x2000cdcc</run_address>
         <size>0x1a0</size>
         <input_file_ref idref="fl-1a"/>
      </object_component>
      <object_component id="oc-1df">
         <name>.text:GPIO_setConfig</name>
         <load_address>0x2000cf6c</load_address>
         <run_address>0x2000cf6c</run_address>
         <size>0x154</size>
         <input_file_ref idref="fl-10"/>
      </object_component>
      <object_component id="oc-6f6">
         <name>.text:parkPins</name>
         <load_address>0x2000d0c0</load_address>
         <run_address>0x2000d0c0</run_address>
         <size>0x148</size>
         <input_file_ref idref="fl-11"/>
      </object_component>
      <object_component id="oc-5ed">
         <name>.text:Power_sleep</name>
         <load_address>0x2000d208</load_address>
         <run_address>0x2000d208</run_address>
         <size>0x138</size>
         <input_file_ref idref="fl-11"/>
      </object_component>
      <object_component id="oc-314">
         <name>.text:UART2_close</name>
         <load_address>0x2000d340</load_address>
         <run_address>0x2000d340</run_address>
         <size>0x108</size>
         <input_file_ref idref="fl-13"/>
      </object_component>
      <object_component id="oc-64f">
         <name>.text:aligned_alloc</name>
         <load_address>0x2000d448</load_address>
         <run_address>0x2000d448</run_address>
         <size>0x100</size>
         <input_file_ref idref="fl-e1"/>
      </object_component>
      <object_component id="oc-31a">
         <name>.text:UART2CC32XX_initHw</name>
         <load_address>0x2000d548</load_address>
         <run_address>0x2000d548</run_address>
         <size>0xec</size>
         <input_file_ref idref="fl-13"/>
      </object_component>
      <object_component id="oc-523">
         <name>.text:UART2Support_dmaStartRx</name>
         <load_address>0x2000d634</load_address>
         <run_address>0x2000d634</run_address>
         <size>0xe4</size>
         <input_file_ref idref="fl-13"/>
      </object_component>
      <object_component id="oc-3e3">
         <name>.text:free</name>
         <load_address>0x2000d718</load_address>
         <run_address>0x2000d718</run_address>
         <size>0xe4</size>
         <input_file_ref idref="fl-e1"/>
      </object_component>
      <object_component id="oc-164">
         <name>.text:mainThread</name>
         <load_address>0x2000d7fc</load_address>
         <run_address>0x2000d7fc</run_address>
         <size>0xd0</size>
         <input_file_ref idref="fl-3"/>
      </object_component>
      <object_component id="oc-535">
         <name>.text:UART2Support_dmaStartTx</name>
         <load_address>0x2000d8cc</load_address>
         <run_address>0x2000d8cc</run_address>
         <size>0xc8</size>
         <input_file_ref idref="fl-13"/>
      </object_component>
      <object_component id="oc-713">
         <name>.text:restoreParkedPins</name>
         <load_address>0x2000d994</load_address>
         <run_address>0x2000d994</run_address>
         <size>0xc0</size>
         <input_file_ref idref="fl-11"/>
      </object_component>
      <object_component id="oc-b5">
         <name>.text:IntEnable</name>
         <load_address>0x2000da54</load_address>
         <run_address>0x2000da54</run_address>
         <size>0xa8</size>
         <input_file_ref idref="fl-1f"/>
      </object_component>
      <object_component id="oc-268">
         <name>.text:PowerCC32XX_configureWakeup</name>
         <load_address>0x2000dafc</load_address>
         <run_address>0x2000dafc</run_address>
         <size>0xa8</size>
         <input_file_ref idref="fl-11"/>
      </object_component>
      <object_component id="oc-28d">
         <name>.text:SemaphoreP_pend</name>
         <load_address>0x2000dba4</load_address>
         <run_address>0x2000dba4</run_address>
         <size>0xa0</size>
         <input_file_ref idref="fl-17"/>
      </object_component>
      <object_component id="oc-3b">
         <name>.text</name>
         <load_address>0x2000dc44</load_address>
         <run_address>0x2000dc44</run_address>
         <size>0x9c</size>
         <input_file_ref idref="fl-dc"/>
      </object_component>
      <object_component id="oc-5e8">
         <name>.text</name>
         <load_address>0x2000dce0</load_address>
         <run_address>0x2000dce0</run_address>
         <size>0x96</size>
         <input_file_ref idref="fl-dd"/>
      </object_component>
      <object_component id="oc-1d7">
         <name>.text:Board_initHook</name>
         <load_address>0x2000dd76</load_address>
         <run_address>0x2000dd76</run_address>
         <size>0x2</size>
         <input_file_ref idref="fl-4"/>
      </object_component>
      <object_component id="oc-1d1">
         <name>.text:GPIO_init</name>
         <load_address>0x2000dd78</load_address>
         <run_address>0x2000dd78</run_address>
         <size>0x90</size>
         <input_file_ref idref="fl-10"/>
      </object_component>
      <object_component id="oc-707">
         <name>.text:restoreNVICRegs</name>
         <load_address>0x2000de08</load_address>
         <run_address>0x2000de08</run_address>
         <size>0x90</size>
         <input_file_ref idref="fl-11"/>
      </object_component>
      <object_component id="oc-326">
         <name>.text:HwiP_construct</name>
         <load_address>0x2000de98</load_address>
         <run_address>0x2000de98</run_address>
         <size>0x8c</size>
         <input_file_ref idref="fl-19"/>
      </object_component>
      <object_component id="oc-7a1">
         <name>.text:IntPendSet</name>
         <load_address>0x2000df24</load_address>
         <run_address>0x2000df24</run_address>
         <size>0x88</size>
         <input_file_ref idref="fl-1f"/>
      </object_component>
      <object_component id="oc-2b4">
         <name>.text:PinConfigSet</name>
         <load_address>0x2000dfac</load_address>
         <run_address>0x2000dfac</run_address>
         <size>0x88</size>
         <input_file_ref idref="fl-20"/>
      </object_component>
      <object_component id="oc-1cb">
         <name>.text:Power_init</name>
         <load_address>0x2000e034</load_address>
         <run_address>0x2000e034</run_address>
         <size>0x84</size>
         <input_file_ref idref="fl-11"/>
      </object_component>
      <object_component id="oc-6fc">
         <name>.text:saveNVICRegs</name>
         <load_address>0x2000e0b8</load_address>
         <run_address>0x2000e0b8</run_address>
         <size>0x84</size>
         <input_file_ref idref="fl-11"/>
      </object_component>
      <object_component id="oc-1f1">
         <name>.text:GPIO_write</name>
         <load_address>0x2000e13c</load_address>
         <run_address>0x2000e13c</run_address>
         <size>0x80</size>
         <input_file_ref idref="fl-10"/>
      </object_component>
      <object_component id="oc-2ba">
         <name>.text:Power_setDependency</name>
         <load_address>0x2000e1bc</load_address>
         <run_address>0x2000e1bc</run_address>
         <size>0x80</size>
         <input_file_ref idref="fl-11"/>
      </object_component>
      <object_component id="oc-30e">
         <name>.text:UDMACC32XX_open</name>
         <load_address>0x2000e23c</load_address>
         <run_address>0x2000e23c</run_address>
         <size>0x7c</size>
         <input_file_ref idref="fl-15"/>
      </object_component>
      <object_component id="oc-9d">
         <name>.text</name>
         <load_address>0x2000e2b8</load_address>
         <run_address>0x2000e2b8</run_address>
         <size>0x7a</size>
         <input_file_ref idref="fl-e4"/>
      </object_component>
      <object_component id="oc-529">
         <name>.text:UART2CC32XX_readCallback</name>
         <load_address>0x2000e332</load_address>
         <run_address>0x2000e332</run_address>
         <size>0x74</size>
         <input_file_ref idref="fl-13"/>
      </object_component>
      <object_component id="oc-3bf">
         <name>.text:PowerCC32XX_initPolicy</name>
         <load_address>0x2000e3a6</load_address>
         <run_address>0x2000e3a6</run_address>
         <size>0x2</size>
         <input_file_ref idref="fl-1a"/>
      </object_component>
      <object_component id="oc-2ac">
         <name>.text:powerNotifyFxn</name>
         <load_address>0x2000e3a8</load_address>
         <run_address>0x2000e3a8</run_address>
         <size>0x74</size>
         <input_file_ref idref="fl-10"/>
      </object_component>
      <object_component id="oc-742">
         <name>.text:split</name>
         <load_address>0x2000e41c</load_address>
         <run_address>0x2000e41c</run_address>
         <size>0x70</size>
         <input_file_ref idref="fl-e1"/>
      </object_component>
      <object_component id="oc-14">
         <name>.text:decompress:lzss:__TI_decompress_lzss</name>
         <load_address>0x2000e48c</load_address>
         <run_address>0x2000e48c</run_address>
         <size>0x68</size>
         <input_file_ref idref="fl-e0"/>
      </object_component>
      <object_component id="oc-2cc">
         <name>.text:GPIO_setInterruptConfig</name>
         <load_address>0x2000e4f4</load_address>
         <run_address>0x2000e4f4</run_address>
         <size>0x64</size>
         <input_file_ref idref="fl-10"/>
      </object_component>
      <object_component id="oc-302">
         <name>.text:PowerCC32XX_setParkState</name>
         <load_address>0x2000e558</load_address>
         <run_address>0x2000e558</run_address>
         <size>0x64</size>
         <input_file_ref idref="fl-11"/>
      </object_component>
      <object_component id="oc-4d5">
         <name>.text:uDMAChannelAttributeDisable</name>
         <load_address>0x2000e5bc</load_address>
         <run_address>0x2000e5bc</run_address>
         <size>0x64</size>
         <input_file_ref idref="fl-23"/>
      </object_component>
      <object_component id="oc-2db">
         <name>.text:GPIO_hwiIntFxn</name>
         <load_address>0x2000e620</load_address>
         <run_address>0x2000e620</run_address>
         <size>0x60</size>
         <input_file_ref idref="fl-10"/>
      </object_component>
      <object_component id="oc-236">
         <name>.text:PRCMSysResetCauseGet</name>
         <load_address>0x2000e680</load_address>
         <run_address>0x2000e680</run_address>
         <size>0x60</size>
         <input_file_ref idref="fl-21"/>
      </object_component>
      <object_component id="oc-52f">
         <name>.text:UART2Support_dmaStopTx</name>
         <load_address>0x2000e6e0</load_address>
         <run_address>0x2000e6e0</run_address>
         <size>0x5e</size>
         <input_file_ref idref="fl-13"/>
      </object_component>
      <object_component id="oc-498">
         <name>.text:SemaphoreP_destruct</name>
         <load_address>0x2000e73e</load_address>
         <run_address>0x2000e73e</run_address>
         <size>0x2</size>
         <input_file_ref idref="fl-17"/>
      </object_component>
      <object_component id="oc-692">
         <name>.text:sysTickInit</name>
         <load_address>0x2000e740</load_address>
         <run_address>0x2000e740</run_address>
         <size>0x5c</size>
         <input_file_ref idref="fl-18"/>
      </object_component>
      <object_component id="oc-24f">
         <name>.text:PRCMPeripheralReset</name>
         <load_address>0x2000e79c</load_address>
         <run_address>0x2000e79c</run_address>
         <size>0x58</size>
         <input_file_ref idref="fl-21"/>
      </object_component>
      <object_component id="oc-4aa">
         <name>.text:Power_releaseDependency</name>
         <load_address>0x2000e7f4</load_address>
         <run_address>0x2000e7f4</run_address>
         <size>0x58</size>
         <input_file_ref idref="fl-11"/>
      </object_component>
      <object_component id="oc-77e">
         <name>.text:PowerCC32XX_resumeLPDS</name>
         <load_address>0x2000e84c</load_address>
         <run_address>0x2000e84c</run_address>
         <size>0x52</size>
         <input_file_ref idref="fl-12"/>
      </object_component>
      <object_component id="oc-347">
         <name>.text:UART2CC32XX_eventCallback</name>
         <load_address>0x2000e89e</load_address>
         <run_address>0x2000e89e</run_address>
         <size>0x2</size>
         <input_file_ref idref="fl-13"/>
      </object_component>
      <object_component id="oc-79">
         <name>.text:ClockP_sysTickHandler</name>
         <load_address>0x2000e8a0</load_address>
         <run_address>0x2000e8a0</run_address>
         <size>0x50</size>
         <input_file_ref idref="fl-18"/>
      </object_component>
      <object_component id="oc-332">
         <name>.text:SemaphoreP_construct</name>
         <load_address>0x2000e8f0</load_address>
         <run_address>0x2000e8f0</run_address>
         <size>0x50</size>
         <input_file_ref idref="fl-17"/>
      </object_component>
      <object_component id="oc-51d">
         <name>.text:UART2Support_dmaStopRx</name>
         <load_address>0x2000e940</load_address>
         <run_address>0x2000e940</run_address>
         <size>0x50</size>
         <input_file_ref idref="fl-13"/>
      </object_component>
      <object_component id="oc-775">
         <name>.text:PowerCC32XX_parkPin</name>
         <load_address>0x2000e990</load_address>
         <run_address>0x2000e990</run_address>
         <size>0x4c</size>
         <input_file_ref idref="fl-11"/>
      </object_component>
      <object_component id="oc-70d">
         <name>.text:restorePeriphClocks</name>
         <load_address>0x2000e9dc</load_address>
         <run_address>0x2000e9dc</run_address>
         <size>0x4c</size>
         <input_file_ref idref="fl-11"/>
      </object_component>
      <object_component id="oc-799">
         <name>.text:FlashDisable</name>
         <load_address>0x2000ea28</load_address>
         <run_address>0x2000ea28</run_address>
         <size>0x48</size>
         <input_file_ref idref="fl-25"/>
      </object_component>
      <object_component id="oc-443">
         <name>.text:GPIO_disableInt</name>
         <load_address>0x2000ea70</load_address>
         <run_address>0x2000ea70</run_address>
         <size>0x48</size>
         <input_file_ref idref="fl-10"/>
      </object_component>
      <object_component id="oc-2d2">
         <name>.text:GPIO_enableInt</name>
         <load_address>0x2000eab8</load_address>
         <run_address>0x2000eab8</run_address>
         <size>0x48</size>
         <input_file_ref idref="fl-10"/>
      </object_component>
      <object_component id="oc-719">
         <name>.text:PRCMLPDSEnter</name>
         <load_address>0x2000eb00</load_address>
         <run_address>0x2000eb00</run_address>
         <size>0x48</size>
         <input_file_ref idref="fl-21"/>
      </object_component>
      <object_component id="oc-249">
         <name>.text:PRCMPeripheralClkEnable</name>
         <load_address>0x2000eb48</load_address>
         <run_address>0x2000eb48</run_address>
         <size>0x48</size>
         <input_file_ref idref="fl-21"/>
      </object_component>
      <object_component id="oc-547">
         <name>.text:Power_releaseConstraint</name>
         <load_address>0x2000eb90</load_address>
         <run_address>0x2000eb90</run_address>
         <size>0x48</size>
         <input_file_ref idref="fl-11"/>
      </object_component>
      <object_component id="oc-505">
         <name>.text:RingBuf_put</name>
         <load_address>0x2000ebd8</load_address>
         <run_address>0x2000ebd8</run_address>
         <size>0x46</size>
         <input_file_ref idref="fl-f"/>
      </object_component>
      <object_component id="oc-387">
         <name>.text:_nop</name>
         <load_address>0x2000ec1e</load_address>
         <run_address>0x2000ec1e</run_address>
         <size>0x2</size>
         <input_file_ref idref="fl-e9"/>
      </object_component>
      <object_component id="oc-580">
         <name>.text:ClockP_stop</name>
         <load_address>0x2000ec20</load_address>
         <run_address>0x2000ec20</run_address>
         <size>0x44</size>
         <input_file_ref idref="fl-18"/>
      </object_component>
      <object_component id="oc-783">
         <name>.text:PRCMLPDSRestoreInfoSet</name>
         <load_address>0x2000ec64</load_address>
         <run_address>0x2000ec64</run_address>
         <size>0x44</size>
         <input_file_ref idref="fl-21"/>
      </object_component>
      <object_component id="oc-702">
         <name>.text:PowerCC32XX_enterLPDS</name>
         <load_address>0x2000eca8</load_address>
         <run_address>0x2000eca8</run_address>
         <size>0x44</size>
         <input_file_ref idref="fl-12"/>
      </object_component>
      <object_component id="oc-299">
         <name>.text:SemaphoreP_post</name>
         <load_address>0x2000ecec</load_address>
         <run_address>0x2000ecec</run_address>
         <size>0x44</size>
         <input_file_ref idref="fl-17"/>
      </object_component>
      <object_component id="oc-604">
         <name>.text:SwiP_restore</name>
         <load_address>0x2000ed30</load_address>
         <run_address>0x2000ed30</run_address>
         <size>0x44</size>
         <input_file_ref idref="fl-1c"/>
      </object_component>
      <object_component id="oc-6c3">
         <name>.text:UART2Support_enableInts</name>
         <load_address>0x2000ed74</load_address>
         <run_address>0x2000ed74</run_address>
         <size>0x44</size>
         <input_file_ref idref="fl-13"/>
      </object_component>
      <object_component id="oc-177">
         <name>.text:__TI_auto_init_nobinit_nopinit:__TI_auto_init_nobinit_nopinit</name>
         <load_address>0x2000edb8</load_address>
         <run_address>0x2000edb8</run_address>
         <size>0x44</size>
         <input_file_ref idref="fl-e5"/>
      </object_component>
      <object_component id="oc-33e">
         <name>.text:ClockP_construct</name>
         <load_address>0x2000edfc</load_address>
         <run_address>0x2000edfc</run_address>
         <size>0x40</size>
         <input_file_ref idref="fl-18"/>
      </object_component>
      <object_component id="oc-261">
         <name>.text:PinModeSet</name>
         <load_address>0x2000ee3c</load_address>
         <run_address>0x2000ee3c</run_address>
         <size>0x40</size>
         <input_file_ref idref="fl-20"/>
      </object_component>
      <object_component id="oc-374">
         <name>.text:UART2_readFull</name>
         <load_address>0x2000ee7c</load_address>
         <run_address>0x2000ee7c</run_address>
         <size>0x40</size>
         <input_file_ref idref="fl-e"/>
      </object_component>
      <object_component id="oc-308">
         <name>.text:UDMACC32XX_init</name>
         <load_address>0x2000eebc</load_address>
         <run_address>0x2000eebc</run_address>
         <size>0x40</size>
         <input_file_ref idref="fl-15"/>
      </object_component>
      <object_component id="oc-541">
         <name>.text:RingBuf_putAdvance</name>
         <load_address>0x2000eefc</load_address>
         <run_address>0x2000eefc</run_address>
         <size>0x3e</size>
         <input_file_ref idref="fl-f"/>
      </object_component>
      <object_component id="oc-73">
         <name>.text:busFaultHandler</name>
         <load_address>0x2000ef3a</load_address>
         <run_address>0x2000ef3a</run_address>
         <size>0x2</size>
         <input_file_ref idref="fl-1b"/>
      </object_component>
      <object_component id="oc-402">
         <name>.text:ClockP_destruct</name>
         <load_address>0x2000ef3c</load_address>
         <run_address>0x2000ef3c</run_address>
         <size>0x3c</size>
         <input_file_ref idref="fl-18"/>
      </object_component>
      <object_component id="oc-6ac">
         <name>.text:Power_setConstraint</name>
         <load_address>0x2000ef78</load_address>
         <run_address>0x2000ef78</run_address>
         <size>0x3c</size>
         <input_file_ref idref="fl-11"/>
      </object_component>
      <object_component id="oc-58e">
         <name>.text:UART2Support_dmaRefreshRx</name>
         <load_address>0x2000efb4</load_address>
         <run_address>0x2000efb4</run_address>
         <size>0x3c</size>
         <input_file_ref idref="fl-13"/>
      </object_component>
      <object_component id="oc-5e2">
         <name>.text:getCountsRTC</name>
         <load_address>0x2000eff0</load_address>
         <run_address>0x2000eff0</run_address>
         <size>0x3a</size>
         <input_file_ref idref="fl-1a"/>
      </object_component>
      <object_component id="oc-408">
         <name>.text:clkFxn</name>
         <load_address>0x2000f02a</load_address>
         <run_address>0x2000f02a</run_address>
         <size>0x2</size>
         <input_file_ref idref="fl-17"/>
      </object_component>
      <object_component id="oc-71f">
         <name>.text:PRCMLPDSEnterKeepDebugIf</name>
         <load_address>0x2000f02c</load_address>
         <run_address>0x2000f02c</run_address>
         <size>0x38</size>
         <input_file_ref idref="fl-21"/>
      </object_component>
      <object_component id="oc-588">
         <name>.text:UART2_rxEnable</name>
         <load_address>0x2000f064</load_address>
         <run_address>0x2000f064</run_address>
         <size>0x38</size>
         <input_file_ref idref="fl-e"/>
      </object_component>
      <object_component id="oc-db">
         <name>.text:addToList</name>
         <load_address>0x2000f09c</load_address>
         <run_address>0x2000f09c</run_address>
         <size>0x38</size>
         <input_file_ref idref="fl-18"/>
      </object_component>
      <object_component id="oc-59">
         <name>.text:initVectors</name>
         <load_address>0x2000f0d4</load_address>
         <run_address>0x2000f0d4</run_address>
         <size>0x38</size>
         <input_file_ref idref="fl-1b"/>
      </object_component>
      <object_component id="oc-6f0">
         <name>.text:notify</name>
         <load_address>0x2000f10c</load_address>
         <run_address>0x2000f10c</run_address>
         <size>0x38</size>
         <input_file_ref idref="fl-11"/>
      </object_component>
      <object_component id="oc-486">
         <name>.text:UART2_rxDisable</name>
         <load_address>0x2000f144</load_address>
         <run_address>0x2000f144</run_address>
         <size>0x36</size>
         <input_file_ref idref="fl-e"/>
      </object_component>
      <object_component id="oc-6d">
         <name>.text:defaultHandler</name>
         <load_address>0x2000f17a</load_address>
         <run_address>0x2000f17a</run_address>
         <size>0x2</size>
         <input_file_ref idref="fl-1b"/>
      </object_component>
      <object_component id="oc-5d0">
         <name>.text:ClockP_getTicksUntilInterrupt</name>
         <load_address>0x2000f17c</load_address>
         <run_address>0x2000f17c</run_address>
         <size>0x34</size>
         <input_file_ref idref="fl-18"/>
      </object_component>
      <object_component id="oc-4f4">
         <name>.text:ClockP_startup</name>
         <load_address>0x2000f1b0</load_address>
         <run_address>0x2000f1b0</run_address>
         <size>0x34</size>
         <input_file_ref idref="fl-18"/>
      </object_component>
      <object_component id="oc-25b">
         <name>.text:PinModeGet</name>
         <load_address>0x2000f1e4</load_address>
         <run_address>0x2000f1e4</run_address>
         <size>0x34</size>
         <input_file_ref idref="fl-20"/>
      </object_component>
      <object_component id="oc-4b0">
         <name>.text:PowerCC32XX_restoreParkState</name>
         <load_address>0x2000f218</load_address>
         <run_address>0x2000f218</run_address>
         <size>0x34</size>
         <input_file_ref idref="fl-11"/>
      </object_component>
      <object_component id="oc-59a">
         <name>.text:RingBuf_getConsume</name>
         <load_address>0x2000f24c</load_address>
         <run_address>0x2000f24c</run_address>
         <size>0x34</size>
         <input_file_ref idref="fl-f"/>
      </object_component>
      <object_component id="oc-53b">
         <name>.text:RingBuf_putPointer</name>
         <load_address>0x2000f280</load_address>
         <run_address>0x2000f280</run_address>
         <size>0x34</size>
         <input_file_ref idref="fl-f"/>
      </object_component>
      <object_component id="oc-568">
         <name>.text:UART2Support_sendData</name>
         <load_address>0x2000f2b4</load_address>
         <run_address>0x2000f2b4</run_address>
         <size>0x34</size>
         <input_file_ref idref="fl-13"/>
      </object_component>
      <object_component id="oc-49e">
         <name>.text:UDMACC32XX_close</name>
         <load_address>0x2000f2e8</load_address>
         <run_address>0x2000f2e8</run_address>
         <size>0x34</size>
         <input_file_ref idref="fl-15"/>
      </object_component>
      <object_component id="oc-667">
         <name>.text:UART2Support_disableRx</name>
         <load_address>0x2000f31c</load_address>
         <run_address>0x2000f31c</run_address>
         <size>0x32</size>
         <input_file_ref idref="fl-13"/>
      </object_component>
      <object_component id="oc-67">
         <name>.text:faultISR</name>
         <load_address>0x2000f34e</load_address>
         <run_address>0x2000f34e</run_address>
         <size>0x2</size>
         <input_file_ref idref="fl-1b"/>
      </object_component>
      <object_component id="oc-3f0">
         <name>.text:ClockP_start</name>
         <load_address>0x2000f350</load_address>
         <run_address>0x2000f350</run_address>
         <size>0x30</size>
         <input_file_ref idref="fl-18"/>
      </object_component>
      <object_component id="oc-792">
         <name>.text:PowerCC32XX_restoreParkedPin</name>
         <load_address>0x2000f380</load_address>
         <run_address>0x2000f380</run_address>
         <size>0x30</size>
         <input_file_ref idref="fl-11"/>
      </object_component>
      <object_component id="oc-48c">
         <name>.text:UARTDisable</name>
         <load_address>0x2000f3b0</load_address>
         <run_address>0x2000f3b0</run_address>
         <size>0x30</size>
         <input_file_ref idref="fl-22"/>
      </object_component>
      <object_component id="oc-2fc">
         <name>.text:PowerCC32XX_getParkState</name>
         <load_address>0x2000f3e0</load_address>
         <run_address>0x2000f3e0</run_address>
         <size>0x2c</size>
         <input_file_ref idref="fl-11"/>
      </object_component>
      <object_component id="oc-2c6">
         <name>.text:HwiP_create</name>
         <load_address>0x2000f40c</load_address>
         <run_address>0x2000f40c</run_address>
         <size>0x2a</size>
         <input_file_ref idref="fl-19"/>
      </object_component>
      <object_component id="oc-594">
         <name>.text:RingBuf_getPointer</name>
         <load_address>0x2000f436</load_address>
         <run_address>0x2000f436</run_address>
         <size>0x2a</size>
         <input_file_ref idref="fl-f"/>
      </object_component>
      <object_component id="oc-255">
         <name>.text:PRCMPeripheralClkDisable</name>
         <load_address>0x2000f460</load_address>
         <run_address>0x2000f460</run_address>
         <size>0x28</size>
         <input_file_ref idref="fl-21"/>
      </object_component>
      <object_component id="oc-293">
         <name>.text:Power_registerNotify</name>
         <load_address>0x2000f488</load_address>
         <run_address>0x2000f488</run_address>
         <size>0x28</size>
         <input_file_ref idref="fl-11"/>
      </object_component>
      <object_component id="oc-63a">
         <name>.text:free_list_insert</name>
         <load_address>0x2000f4b0</load_address>
         <run_address>0x2000f4b0</run_address>
         <size>0x28</size>
         <input_file_ref idref="fl-e1"/>
      </object_component>
      <object_component id="oc-517">
         <name>.text:uDMAChannelIsEnabled</name>
         <load_address>0x2000f4d8</load_address>
         <run_address>0x2000f4d8</run_address>
         <size>0x28</size>
         <input_file_ref idref="fl-23"/>
      </object_component>
      <object_component id="oc-412">
         <name>.text:List_put</name>
         <load_address>0x2000f500</load_address>
         <run_address>0x2000f500</run_address>
         <size>0x26</size>
         <input_file_ref idref="fl-14"/>
      </object_component>
      <object_component id="oc-678">
         <name>.text:List_remove</name>
         <load_address>0x2000f526</load_address>
         <run_address>0x2000f526</run_address>
         <size>0x26</size>
         <input_file_ref idref="fl-14"/>
      </object_component>
      <object_component id="oc-4e9">
         <name>.text:HwiP_dispatch</name>
         <load_address>0x2000f54c</load_address>
         <run_address>0x2000f54c</run_address>
         <size>0x24</size>
         <input_file_ref idref="fl-19"/>
      </object_component>
      <object_component id="oc-2f0">
         <name>.text:PowerCC32XX_reset</name>
         <load_address>0x2000f570</load_address>
         <run_address>0x2000f570</run_address>
         <size>0x24</size>
         <input_file_ref idref="fl-11"/>
      </object_component>
      <object_component id="oc-4c9">
         <name>.text:UARTEnable</name>
         <load_address>0x2000f594</load_address>
         <run_address>0x2000f594</run_address>
         <size>0x24</size>
         <input_file_ref idref="fl-22"/>
      </object_component>
      <object_component id="oc-c5">
         <name>.text:_c_int00_noargs:_c_int00_noargs</name>
         <load_address>0x2000f5b8</load_address>
         <run_address>0x2000f5b8</run_address>
         <size>0x24</size>
         <input_file_ref idref="fl-e2"/>
      </object_component>
      <object_component id="oc-35f">
         <name>.text:UART2CC32XX_writeTimeout</name>
         <load_address>0x2000f5dc</load_address>
         <run_address>0x2000f5dc</run_address>
         <size>0x22</size>
         <input_file_ref idref="fl-13"/>
      </object_component>
      <object_component id="oc-492">
         <name>.text:HwiP_destruct</name>
         <load_address>0x2000f5fe</load_address>
         <run_address>0x2000f5fe</run_address>
         <size>0x20</size>
         <input_file_ref idref="fl-19"/>
      </object_component>
      <object_component id="oc-61">
         <name>.text:nmiISR</name>
         <load_address>0x2000f61e</load_address>
         <run_address>0x2000f61e</run_address>
         <size>0x2</size>
         <input_file_ref idref="fl-1b"/>
      </object_component>
      <object_component id="oc-4a4">
         <name>.text:Power_unregisterNotify</name>
         <load_address>0x2000f620</load_address>
         <run_address>0x2000f620</run_address>
         <size>0x20</size>
         <input_file_ref idref="fl-11"/>
      </object_component>
      <object_component id="oc-2ea">
         <name>.text:UART2CC32XX_getPowerMgrId</name>
         <load_address>0x2000f640</load_address>
         <run_address>0x2000f640</run_address>
         <size>0x20</size>
         <input_file_ref idref="fl-13"/>
      </object_component>
      <object_component id="oc-1fd">
         <name>.text:UART2_read</name>
         <load_address>0x2000f660</load_address>
         <run_address>0x2000f660</run_address>
         <size>0x20</size>
         <input_file_ref idref="fl-e"/>
      </object_component>
      <object_component id="oc-32c">
         <name>.text:SemaphoreP_constructBinary</name>
         <load_address>0x2000f680</load_address>
         <run_address>0x2000f680</run_address>
         <size>0x1e</size>
         <input_file_ref idref="fl-17"/>
      </object_component>
      <object_component id="oc-46e">
         <name>.text:postNotifyFxn</name>
         <load_address>0x2000f69e</load_address>
         <run_address>0x2000f69e</run_address>
         <size>0x1e</size>
         <input_file_ref idref="fl-15"/>
      </object_component>
      <object_component id="oc-4b6">
         <name>.text:PinToPadGet</name>
         <load_address>0x2000f6bc</load_address>
         <run_address>0x2000f6bc</run_address>
         <size>0x1c</size>
         <input_file_ref idref="fl-20"/>
      </object_component>
      <object_component id="oc-5c4">
         <name>.text:SwiP_disable</name>
         <load_address>0x2000f6d8</load_address>
         <run_address>0x2000f6d8</run_address>
         <size>0x1c</size>
         <input_file_ref idref="fl-1c"/>
      </object_component>
      <object_component id="oc-634">
         <name>.text:free_list_remove</name>
         <load_address>0x2000f6f4</load_address>
         <run_address>0x2000f6f4</run_address>
         <size>0x1c</size>
         <input_file_ref idref="fl-e1"/>
      </object_component>
      <object_component id="oc-275">
         <name>.text:SemaphoreP_createBinary</name>
         <load_address>0x2000f710</load_address>
         <run_address>0x2000f710</run_address>
         <size>0x1a</size>
         <input_file_ref idref="fl-17"/>
      </object_component>
      <object_component id="oc-6ea">
         <name>.text</name>
         <load_address>0x2000f72a</load_address>
         <run_address>0x2000f72a</run_address>
         <size>0x2</size>
         <input_file_ref idref="fl-e3"/>
      </object_component>
      <object_component id="oc-21">
         <name>.text:resetISR</name>
         <load_address>0x2000f72c</load_address>
         <run_address>0x2000f72c</run_address>
         <size>0x1a</size>
         <input_file_ref idref="fl-1b"/>
      </object_component>
      <object_component id="oc-5d6">
         <name>.text:Power_getTransitionLatency</name>
         <load_address>0x2000f748</load_address>
         <run_address>0x2000f748</run_address>
         <size>0x18</size>
         <input_file_ref idref="fl-11"/>
      </object_component>
      <object_component id="oc-733">
         <name>.text:Power_idleFunc</name>
         <load_address>0x2000f760</load_address>
         <run_address>0x2000f760</run_address>
         <size>0x18</size>
         <input_file_ref idref="fl-11"/>
      </object_component>
      <object_component id="oc-56e">
         <name>.text:UART2Support_txDone</name>
         <load_address>0x2000f778</load_address>
         <run_address>0x2000f778</run_address>
         <size>0x18</size>
         <input_file_ref idref="fl-13"/>
      </object_component>
      <object_component id="oc-1e5">
         <name>.text:UART2_Params_init</name>
         <load_address>0x2000f790</load_address>
         <run_address>0x2000f790</run_address>
         <size>0x18</size>
         <input_file_ref idref="fl-e"/>
      </object_component>
      <object_component id="oc-480">
         <name>.text:UARTDMADisable</name>
         <load_address>0x2000f7a8</load_address>
         <run_address>0x2000f7a8</run_address>
         <size>0x18</size>
         <input_file_ref idref="fl-22"/>
      </object_component>
      <object_component id="oc-47a">
         <name>.text:UARTIntDisable</name>
         <load_address>0x2000f7c0</load_address>
         <run_address>0x2000f7c0</run_address>
         <size>0x18</size>
         <input_file_ref idref="fl-22"/>
      </object_component>
      <object_component id="oc-4cf">
         <name>.text:UARTIntEnable</name>
         <load_address>0x2000f7d8</load_address>
         <run_address>0x2000f7d8</run_address>
         <size>0x18</size>
         <input_file_ref idref="fl-22"/>
      </object_component>
      <object_component id="oc-5f3">
         <name>.text</name>
         <load_address>0x2000f7f0</load_address>
         <run_address>0x2000f7f0</run_address>
         <size>0x18</size>
         <input_file_ref idref="fl-db"/>
      </object_component>
      <object_component id="oc-243">
         <name>.text:PRCMHIBRegRead</name>
         <load_address>0x2000f808</load_address>
         <run_address>0x2000f808</run_address>
         <size>0x16</size>
         <input_file_ref idref="fl-21"/>
      </object_component>
      <object_component id="oc-23d">
         <name>.text:PRCMHIBRegWrite</name>
         <load_address>0x2000f81e</load_address>
         <run_address>0x2000f81e</run_address>
         <size>0x16</size>
         <input_file_ref idref="fl-21"/>
      </object_component>
      <object_component id="oc-3d8">
         <name>.text:SemaphoreP_create</name>
         <load_address>0x2000f834</load_address>
         <run_address>0x2000f834</run_address>
         <size>0x16</size>
         <input_file_ref idref="fl-17"/>
      </object_component>
      <object_component id="oc-158">
         <name>.text:Board_init</name>
         <load_address>0x2000f84a</load_address>
         <run_address>0x2000f84a</run_address>
         <size>0x14</size>
         <input_file_ref idref="fl-4"/>
      </object_component>
      <object_component id="oc-a3">
         <name>.text:CPUcpsid</name>
         <load_address>0x2000f85e</load_address>
         <run_address>0x2000f85e</run_address>
         <size>0x14</size>
         <input_file_ref idref="fl-1e"/>
      </object_component>
      <object_component id="oc-41e">
         <name>.text:HwiP_inISR</name>
         <load_address>0x2000f874</load_address>
         <run_address>0x2000f874</run_address>
         <size>0x14</size>
         <input_file_ref idref="fl-19"/>
      </object_component>
      <object_component id="oc-af">
         <name>.text:IntVTableBaseSet</name>
         <load_address>0x2000f888</load_address>
         <run_address>0x2000f888</run_address>
         <size>0x14</size>
         <input_file_ref idref="fl-1f"/>
      </object_component>
      <object_component id="oc-424">
         <name>.text:Power_disablePolicy</name>
         <load_address>0x2000f89c</load_address>
         <run_address>0x2000f89c</run_address>
         <size>0x14</size>
         <input_file_ref idref="fl-11"/>
      </object_component>
      <object_component id="oc-78b">
         <name>.text:Power_getDependencyCount</name>
         <load_address>0x2000f8b0</load_address>
         <run_address>0x2000f8b0</run_address>
         <size>0x14</size>
         <input_file_ref idref="fl-11"/>
      </object_component>
      <object_component id="oc-2c0">
         <name>.text:HwiP_Params_init</name>
         <load_address>0x2000f8c4</load_address>
         <run_address>0x2000f8c4</run_address>
         <size>0x12</size>
         <input_file_ref idref="fl-19"/>
      </object_component>
      <object_component id="oc-2f6">
         <name>.text:RingBuf_construct</name>
         <load_address>0x2000f8d6</load_address>
         <run_address>0x2000f8d6</run_address>
         <size>0x12</size>
         <input_file_ref idref="fl-f"/>
      </object_component>
      <object_component id="oc-4c3">
         <name>.text:UARTIntClear</name>
         <load_address>0x2000f8e8</load_address>
         <run_address>0x2000f8e8</run_address>
         <size>0x12</size>
         <input_file_ref idref="fl-22"/>
      </object_component>
      <object_component id="oc-50b">
         <name>.text:UARTRxErrorGet</name>
         <load_address>0x2000f8fa</load_address>
         <run_address>0x2000f8fa</run_address>
         <size>0x12</size>
         <input_file_ref idref="fl-22"/>
      </object_component>
      <object_component id="oc-11f">
         <name>.text:main</name>
         <load_address>0x2000f90c</load_address>
         <run_address>0x2000f90c</run_address>
         <size>0x12</size>
         <input_file_ref idref="fl-2"/>
      </object_component>
      <object_component id="oc-3ea">
         <name>.text:ClockP_add</name>
         <load_address>0x2000f91e</load_address>
         <run_address>0x2000f91e</run_address>
         <size>0x10</size>
         <input_file_ref idref="fl-18"/>
      </object_component>
      <object_component id="oc-4bd">
         <name>.text:ClockP_getCpuFreq</name>
         <load_address>0x2000f930</load_address>
         <run_address>0x2000f930</run_address>
         <size>0x10</size>
         <input_file_ref idref="fl-18"/>
      </object_component>
      <object_component id="oc-5dc">
         <name>.text:ClockP_getSystemTicks</name>
         <load_address>0x2000f940</load_address>
         <run_address>0x2000f940</run_address>
         <size>0x10</size>
         <input_file_ref idref="fl-18"/>
      </object_component>
      <object_component id="oc-5f8">
         <name>.text:ClockP_setTicks</name>
         <load_address>0x2000f950</load_address>
         <run_address>0x2000f950</run_address>
         <size>0x10</size>
         <input_file_ref idref="fl-18"/>
      </object_component>
      <object_component id="oc-562">
         <name>.text:HwiP_interruptsEnabled</name>
         <load_address>0x2000f960</load_address>
         <run_address>0x2000f960</run_address>
         <size>0x10</size>
         <input_file_ref idref="fl-19"/>
      </object_component>
      <object_component id="oc-281">
         <name>.text:HwiP_restore</name>
         <load_address>0x2000f970</load_address>
         <run_address>0x2000f970</run_address>
         <size>0x10</size>
         <input_file_ref idref="fl-19"/>
      </object_component>
      <object_component id="oc-3f6">
         <name>.text:Power_enablePolicy</name>
         <load_address>0x2000f980</load_address>
         <run_address>0x2000f980</run_address>
         <size>0x10</size>
         <input_file_ref idref="fl-11"/>
      </object_component>
      <object_component id="oc-3d2">
         <name>.text:SemaphoreP_Params_init</name>
         <load_address>0x2000f990</load_address>
         <run_address>0x2000f990</run_address>
         <size>0x10</size>
         <input_file_ref idref="fl-17"/>
      </object_component>
      <object_component id="oc-359">
         <name>.text:UART2CC32XX_readTimeout</name>
         <load_address>0x2000f9a0</load_address>
         <run_address>0x2000f9a0</run_address>
         <size>0x10</size>
         <input_file_ref idref="fl-13"/>
      </object_component>
      <object_component id="oc-511">
         <name>.text:UART2Support_rxStatus2ErrorCode</name>
         <load_address>0x2000f9b0</load_address>
         <run_address>0x2000f9b0</run_address>
         <size>0x10</size>
         <input_file_ref idref="fl-13"/>
      </object_component>
      <object_component id="oc-320">
         <name>.text:HwiP_clearInterrupt</name>
         <load_address>0x2000f9c0</load_address>
         <run_address>0x2000f9c0</run_address>
         <size>0xe</size>
         <input_file_ref idref="fl-19"/>
      </object_component>
      <object_component id="oc-27b">
         <name>.text:HwiP_disable</name>
         <load_address>0x2000f9ce</load_address>
         <run_address>0x2000f9ce</run_address>
         <size>0xe</size>
         <input_file_ref idref="fl-19"/>
      </object_component>
      <object_component id="oc-15e">
         <name>.text:HwiP_enable</name>
         <load_address>0x2000f9dc</load_address>
         <run_address>0x2000f9dc</run_address>
         <size>0xe</size>
         <input_file_ref idref="fl-19"/>
      </object_component>
      <object_component id="oc-1f7">
         <name>.text:UART2_write</name>
         <load_address>0x2000f9ea</load_address>
         <run_address>0x2000f9ea</run_address>
         <size>0xe</size>
         <input_file_ref idref="fl-e"/>
      </object_component>
      <object_component id="oc-1a">
         <name>.text:decompress:none:__TI_decompress_none</name>
         <load_address>0x2000f9f8</load_address>
         <run_address>0x2000f9f8</run_address>
         <size>0xe</size>
         <input_file_ref idref="fl-df"/>
      </object_component>
      <object_component id="oc-5ca">
         <name>.text:Power_getConstraintMask</name>
         <load_address>0x2000fa08</load_address>
         <run_address>0x2000fa08</run_address>
         <size>0xc</size>
         <input_file_ref idref="fl-11"/>
      </object_component>
      <object_component id="oc-34d">
         <name>.text:UART2CC32XX_postNotifyFxn</name>
         <load_address>0x2000fa14</load_address>
         <run_address>0x2000fa14</run_address>
         <size>0xc</size>
         <input_file_ref idref="fl-13"/>
      </object_component>
      <object_component id="oc-574">
         <name>.text:UART2Support_disableTx</name>
         <load_address>0x2000fa20</load_address>
         <run_address>0x2000fa20</run_address>
         <size>0xc</size>
         <input_file_ref idref="fl-13"/>
      </object_component>
      <object_component id="oc-6c9">
         <name>.text:UART2Support_enableRx</name>
         <load_address>0x2000fa2c</load_address>
         <run_address>0x2000fa2c</run_address>
         <size>0xc</size>
         <input_file_ref idref="fl-13"/>
      </object_component>
      <object_component id="oc-55c">
         <name>.text:UART2Support_enableTx</name>
         <load_address>0x2000fa38</load_address>
         <run_address>0x2000fa38</run_address>
         <size>0xc</size>
         <input_file_ref idref="fl-13"/>
      </object_component>
      <object_component id="oc-4d">
         <name>.text:decompress:ZI:__TI_zero_init</name>
         <load_address>0x2000fa44</load_address>
         <run_address>0x2000fa44</run_address>
         <size>0xc</size>
         <input_file_ref idref="fl-de"/>
      </object_component>
      <object_component id="oc-74c">
         <name>.text:dmaErrorFxn</name>
         <load_address>0x2000fa50</load_address>
         <run_address>0x2000fa50</run_address>
         <size>0xc</size>
         <input_file_ref idref="fl-4"/>
      </object_component>
      <object_component id="oc-7b6">
         <name>.text:uDMAErrorStatusClear</name>
         <load_address>0x2000fa5c</load_address>
         <run_address>0x2000fa5c</run_address>
         <size>0xc</size>
         <input_file_ref idref="fl-23"/>
      </object_component>
      <object_component id="oc-7b0">
         <name>.text:uDMAErrorStatusGet</name>
         <load_address>0x2000fa68</load_address>
         <run_address>0x2000fa68</run_address>
         <size>0xc</size>
         <input_file_ref idref="fl-23"/>
      </object_component>
      <object_component id="oc-6b7">
         <name>.text:CPUprimask</name>
         <load_address>0x2000fa74</load_address>
         <run_address>0x2000fa74</run_address>
         <size>0xa</size>
         <input_file_ref idref="fl-1e"/>
      </object_component>
      <object_component id="oc-338">
         <name>.text:ClockP_Params_init</name>
         <load_address>0x2000fa7e</load_address>
         <run_address>0x2000fa7e</run_address>
         <size>0xa</size>
         <input_file_ref idref="fl-18"/>
      </object_component>
      <object_component id="oc-3fc">
         <name>.text:ClockP_isActive</name>
         <load_address>0x2000fa88</load_address>
         <run_address>0x2000fa88</run_address>
         <size>0xa</size>
         <input_file_ref idref="fl-18"/>
      </object_component>
      <object_component id="oc-53">
         <name>.text:IntMasterDisable</name>
         <load_address>0x2000fa92</load_address>
         <run_address>0x2000fa92</run_address>
         <size>0xa</size>
         <input_file_ref idref="fl-1f"/>
      </object_component>
      <object_component id="oc-43c">
         <name>.text:malloc</name>
         <load_address>0x2000fa9c</load_address>
         <run_address>0x2000fa9c</run_address>
         <size>0x8</size>
         <input_file_ref idref="fl-e1"/>
      </object_component>
      <object_component id="oc-66d">
         <name>.text:UART2Support_powerRelConstraint</name>
         <load_address>0x2000faa4</load_address>
         <run_address>0x2000faa4</run_address>
         <size>0x6</size>
         <input_file_ref idref="fl-13"/>
      </object_component>
      <object_component id="oc-6cf">
         <name>.text:UART2Support_powerSetConstraint</name>
         <load_address>0x2000faaa</load_address>
         <run_address>0x2000faaa</run_address>
         <size>0x6</size>
         <input_file_ref idref="fl-13"/>
      </object_component>
      <object_component id="oc-23c">
         <name>.text:UtilsDelay</name>
         <load_address>0x2000fab0</load_address>
         <run_address>0x2000fab0</run_address>
         <size>0x6</size>
         <input_file_ref idref="fl-24"/>
      </object_component>
      <object_component id="oc-5fe">
         <name>.text:ClockP_doTick</name>
         <load_address>0x2000fab6</load_address>
         <run_address>0x2000fab6</run_address>
         <size>0x4</size>
         <input_file_ref idref="fl-18"/>
      </object_component>
      <object_component id="oc-57a">
         <name>.text:ClockP_setTimeout</name>
         <load_address>0x2000faba</load_address>
         <run_address>0x2000faba</run_address>
         <size>0x4</size>
         <input_file_ref idref="fl-18"/>
      </object_component>
      <object_component id="oc-729">
         <name>.text:HwiP_post</name>
         <load_address>0x2000fabe</load_address>
         <run_address>0x2000fabe</run_address>
         <size>0x4</size>
         <input_file_ref idref="fl-19"/>
      </object_component>
      <object_component id="oc-287">
         <name>.text:SemaphoreP_delete</name>
         <load_address>0x2000fac2</load_address>
         <run_address>0x2000fac2</run_address>
         <size>0x4</size>
         <input_file_ref idref="fl-17"/>
      </object_component>
      <object_component id="oc-119">
         <name>.text:_system_pre_init</name>
         <load_address>0x2000fac6</load_address>
         <run_address>0x2000fac6</run_address>
         <size>0x4</size>
         <input_file_ref idref="fl-e6"/>
      </object_component>
      <object_component id="oc-16b">
         <name>.text:abort:abort</name>
         <load_address>0x2000faca</load_address>
         <run_address>0x2000faca</run_address>
         <size>0x4</size>
         <input_file_ref idref="fl-e8"/>
      </object_component>
      <object_component id="oc-3b0">
         <name>.const:g_ulPinToPadMap</name>
         <load_address>0x20010b1c</load_address>
         <run_address>0x20010b1c</run_address>
         <size>0x100</size>
         <input_file_ref idref="fl-20"/>
      </object_component>
      <object_component id="oc-3a9">
         <name>.const:PRCM_PeriphRegsList</name>
         <load_address>0x20010c1c</load_address>
         <run_address>0x20010c1c</run_address>
         <size>0xa8</size>
         <input_file_ref idref="fl-21"/>
      </object_component>
      <object_component id="oc-271">
         <name>.const:PowerCC32XX_config</name>
         <load_address>0x20010cc4</load_address>
         <run_address>0x20010cc4</run_address>
         <size>0x44</size>
         <input_file_ref idref="fl-4"/>
      </object_component>
      <object_component id="oc-4fe">
         <name>.const:uart2CC32XXHWAttrs0</name>
         <load_address>0x20010d08</load_address>
         <run_address>0x20010d08</run_address>
         <size>0x3c</size>
         <input_file_ref idref="fl-4"/>
      </object_component>
      <object_component id="oc-2e1">
         <name>.const:portConfigs</name>
         <load_address>0x20010d44</load_address>
         <run_address>0x20010d44</run_address>
         <size>0x28</size>
         <input_file_ref idref="fl-10"/>
      </object_component>
      <object_component id="oc-2e6">
         <name>.const:UART2_defaultParams</name>
         <load_address>0x20010d6c</load_address>
         <run_address>0x20010d6c</run_address>
         <size>0x24</size>
         <input_file_ref idref="fl-e"/>
      </object_component>
      <object_component id="oc-2d8">
         <name>.const:.string:pinTable</name>
         <load_address>0x20010d90</load_address>
         <run_address>0x20010d90</run_address>
         <size>0x21</size>
         <input_file_ref idref="fl-10"/>
      </object_component>
      <object_component id="oc-4de">
         <name>.const:.string:stopBits</name>
         <load_address>0x20010db1</load_address>
         <run_address>0x20010db1</run_address>
         <size>0x2</size>
         <input_file_ref idref="fl-13"/>
      </object_component>
      <object_component id="oc-113">
         <name>.const:g_pulEnRegs</name>
         <load_address>0x20010db4</load_address>
         <run_address>0x20010db4</run_address>
         <size>0x18</size>
         <input_file_ref idref="fl-1f"/>
      </object_component>
      <object_component id="oc-7c3">
         <name>.const:g_pulPendRegs</name>
         <load_address>0x20010dcc</load_address>
         <run_address>0x20010dcc</run_address>
         <size>0x18</size>
         <input_file_ref idref="fl-1f"/>
      </object_component>
      <object_component id="oc-203">
         <name>.const:.string:$P$T0$1</name>
         <load_address>0x20010de4</load_address>
         <run_address>0x20010de4</run_address>
         <size>0x16</size>
         <input_file_ref idref="fl-3"/>
      </object_component>
      <object_component id="oc-2a6">
         <name>.const:GPIO_config</name>
         <load_address>0x20010dfc</load_address>
         <run_address>0x20010dfc</run_address>
         <size>0x10</size>
         <input_file_ref idref="fl-4"/>
      </object_component>
      <object_component id="oc-65c">
         <name>.const:udmaCC3220SHWAttrs</name>
         <load_address>0x20010e0c</load_address>
         <run_address>0x20010e0c</run_address>
         <size>0xc</size>
         <input_file_ref idref="fl-4"/>
      </object_component>
      <object_component id="oc-344">
         <name>.const:UART2_config</name>
         <load_address>0x20010e18</load_address>
         <run_address>0x20010e18</run_address>
         <size>0x8</size>
         <input_file_ref idref="fl-4"/>
      </object_component>
      <object_component id="oc-467">
         <name>.const:UDMACC32XX_config</name>
         <load_address>0x20010e20</load_address>
         <run_address>0x20010e20</run_address>
         <size>0x8</size>
         <input_file_ref idref="fl-4"/>
      </object_component>
      <object_component id="oc-4db">
         <name>.const:.string:parityType</name>
         <load_address>0x20010e28</load_address>
         <run_address>0x20010e28</run_address>
         <size>0x5</size>
         <input_file_ref idref="fl-13"/>
      </object_component>
      <object_component id="oc-2a3">
         <name>.const</name>
         <load_address>0x20010e2d</load_address>
         <run_address>0x20010e2d</run_address>
         <size>0x5</size>
         <input_file_ref idref="fl-4"/>
      </object_component>
      <object_component id="oc-4e1">
         <name>.const:.string:dataLength</name>
         <load_address>0x20010e32</load_address>
         <run_address>0x20010e32</run_address>
         <size>0x4</size>
         <input_file_ref idref="fl-13"/>
      </object_component>
      <object_component id="oc-7f9">
         <name>.cinit..data.load</name>
         <load_address>0x2000fad0</load_address>
         <run_address>0x2000fad0</run_address>
         <size>0xd1</size>
      </object_component>
      <object_component id="oc-7f7">
         <name>__TI_handler_table</name>
         <load_address>0x2000fba4</load_address>
         <run_address>0x2000fba4</run_address>
         <size>0xc</size>
      </object_component>
      <object_component id="oc-7fa">
         <name>.cinit..bss.load</name>
         <load_address>0x2000fbb0</load_address>
         <run_address>0x2000fbb0</run_address>
         <size>0x8</size>
      </object_component>
      <object_component id="oc-7f8">
         <name>__TI_cinit_table</name>
         <load_address>0x2000fbb8</load_address>
         <run_address>0x2000fbb8</run_address>
         <size>0x10</size>
      </object_component>
      <object_component id="oc-206">
         <name>.data:$O1$$</name>
         <load_address>0x20010ab8</load_address>
         <run_address>0x20010ab8</run_address>
         <size>0x30</size>
         <input_file_ref idref="fl-3"/>
      </object_component>
      <object_component id="oc-42f">
         <name>.data:gpioPinConfigs</name>
         <load_address>0x20010a34</load_address>
         <run_address>0x20010a34</run_address>
         <size>0x84</size>
         <input_file_ref idref="fl-4"/>
      </object_component>
      <object_component id="oc-3cb">
         <name>.data:parkInfo</name>
         <load_address>0x2001093c</load_address>
         <run_address>0x2001093c</run_address>
         <size>0xf8</size>
         <input_file_ref idref="fl-4"/>
      </object_component>
      <object_component id="oc-2a0">
         <name>.data</name>
         <load_address>0x20010b18</load_address>
         <run_address>0x20010b18</run_address>
         <size>0x2</size>
         <input_file_ref idref="fl-10"/>
      </object_component>
      <object_component id="oc-26e">
         <name>.data:PowerCC32XX_module</name>
         <load_address>0x200107d0</load_address>
         <run_address>0x200107d0</run_address>
         <size>0x16c</size>
         <input_file_ref idref="fl-11"/>
      </object_component>
      <object_component id="oc-464">
         <name>.data</name>
         <load_address>0x20010b00</load_address>
         <run_address>0x20010b00</run_address>
         <size>0x8</size>
         <input_file_ref idref="fl-15"/>
      </object_component>
      <object_component id="oc-40e">
         <name>.data</name>
         <load_address>0x20010b15</load_address>
         <run_address>0x20010b15</run_address>
         <size>0x3</size>
         <input_file_ref idref="fl-17"/>
      </object_component>
      <object_component id="oc-61c">
         <name>.data:SemaphoreP_defaultParams</name>
         <load_address>0x20010af8</load_address>
         <run_address>0x20010af8</run_address>
         <size>0x8</size>
         <input_file_ref idref="fl-17"/>
      </object_component>
      <object_component id="oc-60a">
         <name>.data</name>
         <load_address>0x20010b10</load_address>
         <run_address>0x20010b10</run_address>
         <size>0x5</size>
         <input_file_ref idref="fl-18"/>
      </object_component>
      <object_component id="oc-4e6">
         <name>.data:HwiP_dispatchTable</name>
         <load_address>0x200104c4</load_address>
         <run_address>0x200104c4</run_address>
         <size>0x30c</size>
         <input_file_ref idref="fl-19"/>
      </object_component>
      <object_component id="oc-4ef">
         <name>.data</name>
         <load_address>0x20010b08</load_address>
         <run_address>0x20010b08</run_address>
         <size>0x8</size>
         <input_file_ref idref="fl-19"/>
      </object_component>
      <object_component id="oc-73b">
         <name>.data:$O1$$</name>
         <load_address>0x20010af0</load_address>
         <run_address>0x20010af0</run_address>
         <size>0x8</size>
         <input_file_ref idref="fl-e1"/>
      </object_component>
      <object_component id="oc-20e">
         <name>.data:$O1$$</name>
         <load_address>0x20010ae8</load_address>
         <run_address>0x20010ae8</run_address>
         <size>0x8</size>
         <input_file_ref idref="fl-e9"/>
      </object_component>
      <object_component id="oc-749">
         <name>.bss:dmaControlTable</name>
         <uninitialized>true</uninitialized>
         <run_address>0x2000fc00</run_address>
         <size>0x400</size>
         <input_file_ref idref="fl-4"/>
      </object_component>
      <object_component id="oc-69c">
         <name>.bss:uart2RxRingBuffer0</name>
         <uninitialized>true</uninitialized>
         <run_address>0x2001042c</run_address>
         <size>0x20</size>
         <input_file_ref idref="fl-4"/>
      </object_component>
      <object_component id="oc-69f">
         <name>.bss:uart2TxRingBuffer0</name>
         <uninitialized>true</uninitialized>
         <run_address>0x2001044c</run_address>
         <size>0x20</size>
         <input_file_ref idref="fl-4"/>
      </object_component>
      <object_component id="oc-2a9">
         <name>.bss:powerNotifyObj</name>
         <uninitialized>true</uninitialized>
         <run_address>0x20010480</run_address>
         <size>0x14</size>
         <input_file_ref idref="fl-10"/>
      </object_component>
      <object_component id="oc-29f">
         <name>.bss</name>
         <uninitialized>true</uninitialized>
         <run_address>0x20010494</run_address>
         <size>0x4</size>
         <input_file_ref idref="fl-10"/>
      </object_component>
      <object_component id="oc-46b">
         <name>.bss:postNotifyObj</name>
         <uninitialized>true</uninitialized>
         <run_address>0x2001046c</run_address>
         <size>0x14</size>
         <input_file_ref idref="fl-15"/>
      </object_component>
      <object_component id="oc-698">
         <name>.bss</name>
         <uninitialized>true</uninitialized>
         <run_address>0x200104c0</run_address>
         <size>0x4</size>
         <input_file_ref idref="fl-18"/>
      </object_component>
      <object_component id="oc-6db">
         <name>.bss</name>
         <uninitialized>true</uninitialized>
         <run_address>0x200104a8</run_address>
         <size>0xd</size>
         <input_file_ref idref="fl-1c"/>
      </object_component>
      <object_component id="oc-65b">
         <name>.common:udmaCC3220SObject</name>
         <uninitialized>true</uninitialized>
         <run_address>0x200104b8</run_address>
         <size>0x8</size>
      </object_component>
      <object_component id="oc-432">
         <name>.common:gpioCallbackFunctions</name>
         <uninitialized>true</uninitialized>
         <run_address>0x20010324</run_address>
         <size>0x84</size>
      </object_component>
      <object_component id="oc-433">
         <name>.common:gpioUserArgs</name>
         <uninitialized>true</uninitialized>
         <run_address>0x200103a8</run_address>
         <size>0x84</size>
      </object_component>
      <object_component id="oc-4fd">
         <name>.common:uart2CC32XXObjects0</name>
         <uninitialized>true</uninitialized>
         <run_address>0x20010000</run_address>
         <size>0x1f8</size>
      </object_component>
      <object_component id="oc-77c">
         <name>.common:PowerCC32XX_contextSave</name>
         <uninitialized>true</uninitialized>
         <run_address>0x200101f8</run_address>
         <size>0x12c</size>
      </object_component>
      <object_component id="oc-e1">
         <name>.common:ClockP_ctrl</name>
         <uninitialized>true</uninitialized>
         <run_address>0x20010498</run_address>
         <size>0x10</size>
      </object_component>
      <object_component id="oc-2a">
         <name>.sysmem</name>
         <uninitialized>true</uninitialized>
         <run_address>0x20004040</run_address>
         <size>0x10</size>
         <input_file_ref idref="fl-e1"/>
      </object_component>
      <object_component id="oc-7fd">
         <name>.sysmem</name>
         <uninitialized>true</uninitialized>
         <run_address>0x20004040</run_address>
         <size>0x0</size>
      </object_component>
      <object_component id="oc-2d">
         <name>.stack</name>
         <uninitialized>true</uninitialized>
         <run_address>0x20003000</run_address>
         <size>0x4</size>
         <input_file_ref idref="fl-e2"/>
      </object_component>
      <object_component id="oc-7fc">
         <name>.stack</name>
         <uninitialized>true</uninitialized>
         <run_address>0x20003000</run_address>
         <size>0x0</size>
      </object_component>
      <object_component id="oc-27">
         <name>.resetVecs:retain</name>
         <load_address>0x20004000</load_address>
         <run_address>0x20004000</run_address>
         <size>0x40</size>
         <input_file_ref idref="fl-1b"/>
      </object_component>
      <object_component id="oc-bb">
         <name>.ramVecs</name>
         <uninitialized>true</uninitialized>
         <run_address>0x20000000</run_address>
         <size>0x30c</size>
         <input_file_ref idref="fl-1b"/>
      </object_component>
      <object_component id="oc-152">
         <name>.debug_info</name>
         <load_address>0x0</load_address>
         <run_address>0x0</run_address>
         <size>0x1c0</size>
         <input_file_ref idref="fl-2"/>
      </object_component>
      <object_component id="oc-123">
         <name>.debug_info</name>
         <load_address>0x1c0</load_address>
         <run_address>0x1c0</run_address>
         <size>0x158</size>
         <input_file_ref idref="fl-2"/>
      </object_component>
      <object_component id="oc-e7">
         <name>.debug_info</name>
         <load_address>0x318</load_address>
         <run_address>0x318</run_address>
         <size>0x26b</size>
         <input_file_ref idref="fl-2"/>
      </object_component>
      <object_component id="oc-36">
         <name>.debug_info</name>
         <load_address>0x583</load_address>
         <run_address>0x583</run_address>
         <size>0x84</size>
         <input_file_ref idref="fl-2"/>
      </object_component>
      <object_component id="oc-14d">
         <name>.debug_info</name>
         <load_address>0x607</load_address>
         <run_address>0x607</run_address>
         <size>0x2a4</size>
         <input_file_ref idref="fl-2"/>
      </object_component>
      <object_component id="oc-1be">
         <name>.debug_info</name>
[...]
         <value>0x20010af8</value>
         <object_component_ref idref="oc-61c"/>
      </symbol>
      <symbol id="sm-6c1">
         <name>SemaphoreP_construct</name>
         <value>0x2000e8f1</value>
         <object_component_ref idref="oc-332"/>
      </symbol>
      <symbol id="sm-6c2">
         <name>SemaphoreP_create</name>
         <value>0x2000f835</value>
         <object_component_ref idref="oc-3d8"/>
      </symbol>
      <symbol id="sm-6c3">
         <name>SemaphoreP_destruct</name>
         <value>0x2000e73f</value>
         <object_component_ref idref="oc-498"/>
      </symbol>
      <symbol id="sm-6c4">
         <name>SemaphoreP_post</name>
         <value>0x2000eced</value>
         <object_component_ref idref="oc-299"/>
      </symbol>
      <symbol id="sm-6c5">
         <name>SemaphoreP_pend</name>
         <value>0x2000dba5</value>
         <object_component_ref idref="oc-28d"/>
      </symbol>
      <symbol id="sm-6c6">
         <name>SemaphoreP_delete</name>
         <value>0x2000fac3</value>
         <object_component_ref idref="oc-287"/>
      </symbol>
      <symbol id="sm-6c7">
         <name>SemaphoreP_createBinary</name>
         <value>0x2000f711</value>
         <object_component_ref idref="oc-275"/>
      </symbol>
      <symbol id="sm-6c8">
         <name>SemaphoreP_constructBinary</name>
         <value>0x2000f681</value>
         <object_component_ref idref="oc-32c"/>
      </symbol>
      <symbol id="sm-6c9">
         <name>SemaphoreP_Params_init</name>
         <value>0x2000f991</value>
         <object_component_ref idref="oc-3d2"/>
      </symbol>
      <symbol id="sm-6ca">
         <name>clkFxn</name>
         <value>0x2000f02b</value>
         <object_component_ref idref="oc-408"/>
      </symbol>
      <symbol id="sm-7ac">
         <name>ClockP_ctrl</name>
         <value>0x20010498</value>
      </symbol>
      <symbol id="sm-7ad">
         <name>ClockP_doTick</name>
         <value>0x2000fab7</value>
         <object_component_ref idref="oc-5fe"/>
      </symbol>
      <symbol id="sm-7ae">
         <name>ClockP_setTimeout</name>
         <value>0x2000fabb</value>
         <object_component_ref idref="oc-57a"/>
      </symbol>
      <symbol id="sm-7af">
         <name>ClockP_startup</name>
         <value>0x2000f1b1</value>
         <object_component_ref idref="oc-4f4"/>
      </symbol>
      <symbol id="sm-7b0">
         <name>ClockP_stop</name>
         <value>0x2000ec21</value>
         <object_component_ref idref="oc-580"/>
      </symbol>
      <symbol id="sm-7b1">
         <name>ClockP_construct</name>
         <value>0x2000edfd</value>
         <object_component_ref idref="oc-33e"/>
      </symbol>
      <symbol id="sm-7b2">
         <name>ClockP_getTicksUntilInterrupt</name>
         <value>0x2000f17d</value>
         <object_component_ref idref="oc-5d0"/>
      </symbol>
      <symbol id="sm-7b3">
         <name>ClockP_setTicks</name>
         <value>0x2000f951</value>
         <object_component_ref idref="oc-5f8"/>
      </symbol>
      <symbol id="sm-7b4">
         <name>ClockP_tickPeriod</name>
         <value>0x20010b10</value>
         <object_component_ref idref="oc-60a"/>
      </symbol>
      <symbol id="sm-7b5">
         <name>ClockP_Params_init</name>
         <value>0x2000fa7f</value>
         <object_component_ref idref="oc-338"/>
      </symbol>
      <symbol id="sm-7b6">
         <name>ClockP_getSystemTicks</name>
         <value>0x2000f941</value>
         <object_component_ref idref="oc-5dc"/>
      </symbol>
      <symbol id="sm-7b7">
         <name>ClockP_destruct</name>
         <value>0x2000ef3d</value>
         <object_component_ref idref="oc-402"/>
      </symbol>
      <symbol id="sm-7b8">
         <name>ClockP_start</name>
         <value>0x2000f351</value>
         <object_component_ref idref="oc-3f0"/>
      </symbol>
      <symbol id="sm-7b9">
         <name>ClockP_sysTickHandler</name>
         <value>0x2000e8a1</value>
         <object_component_ref idref="oc-79"/>
      </symbol>
      <symbol id="sm-7ba">
         <name>ClockP_isActive</name>
         <value>0x2000fa89</value>
         <object_component_ref idref="oc-3fc"/>
      </symbol>
      <symbol id="sm-7bb">
         <name>ClockP_getCpuFreq</name>
         <value>0x2000f931</value>
         <object_component_ref idref="oc-4bd"/>
      </symbol>
      <symbol id="sm-7bc">
         <name>ClockP_add</name>
         <value>0x2000f91f</value>
         <object_component_ref idref="oc-3ea"/>
      </symbol>
      <symbol id="sm-846">
         <name>HwiP_construct</name>
         <value>0x2000de99</value>
         <object_component_ref idref="oc-326"/>
      </symbol>
      <symbol id="sm-847">
         <name>HwiP_inISR</name>
         <value>0x2000f875</value>
         <object_component_ref idref="oc-41e"/>
      </symbol>
      <symbol id="sm-848">
         <name>HwiP_dispatch</name>
         <value>0x2000f54d</value>
         <object_component_ref idref="oc-4e9"/>
      </symbol>
      <symbol id="sm-849">
         <name>HwiP_destruct</name>
         <value>0x2000f5ff</value>
         <object_component_ref idref="oc-492"/>
      </symbol>
      <symbol id="sm-84a">
         <name>HwiP_clearInterrupt</name>
         <value>0x2000f9c1</value>
         <object_component_ref idref="oc-320"/>
      </symbol>
      <symbol id="sm-84b">
         <name>HwiP_swiPIntNum</name>
         <value>0x20010b0c</value>
         <object_component_ref idref="oc-4ef"/>
      </symbol>
      <symbol id="sm-84c">
         <name>HwiP_Params_init</name>
         <value>0x2000f8c5</value>
         <object_component_ref idref="oc-2c0"/>
      </symbol>
      <symbol id="sm-84d">
         <name>HwiP_disable</name>
         <value>0x2000f9cf</value>
         <object_component_ref idref="oc-27b"/>
      </symbol>
      <symbol id="sm-84e">
         <name>HwiP_interruptsEnabled</name>
         <value>0x2000f961</value>
         <object_component_ref idref="oc-562"/>
      </symbol>
      <symbol id="sm-84f">
         <name>HwiP_key</name>
         <value>0x20010b08</value>
         <object_component_ref idref="oc-4ef"/>
      </symbol>
      <symbol id="sm-850">
         <name>HwiP_create</name>
         <value>0x2000f40d</value>
         <object_component_ref idref="oc-2c6"/>
      </symbol>
      <symbol id="sm-851">
         <name>HwiP_post</name>
         <value>0x2000fabf</value>
         <object_component_ref idref="oc-729"/>
      </symbol>
      <symbol id="sm-852">
         <name>HwiP_enable</name>
         <value>0x2000f9dd</value>
         <object_component_ref idref="oc-15e"/>
      </symbol>
      <symbol id="sm-853">
         <name>HwiP_restore</name>
         <value>0x2000f971</value>
         <object_component_ref idref="oc-281"/>
      </symbol>
      <symbol id="sm-883">
         <name>PowerCC32XX_initPolicy</name>
         <value>0x2000e3a7</value>
         <object_component_ref idref="oc-3bf"/>
      </symbol>
      <symbol id="sm-884">
         <name>PowerCC32XX_sleepPolicy</name>
         <value>0x2000cdcd</value>
         <object_component_ref idref="oc-3c5"/>
      </symbol>
      <symbol id="sm-8d4">
         <name>resetISR</name>
         <value>0x2000f72d</value>
         <object_component_ref idref="oc-21"/>
      </symbol>
      <symbol id="sm-8d5">
         <name>resetVectorAddr</name>
         <value>0x2000f740</value>
         <object_component_ref idref="oc-21"/>
      </symbol>
      <symbol id="sm-8d6">
         <name>initVectors</name>
         <value>0x2000f0d5</value>
         <object_component_ref idref="oc-59"/>
      </symbol>
      <symbol id="sm-8d7">
         <name>resetVectors</name>
         <value>0x20004000</value>
         <object_component_ref idref="oc-27"/>
      </symbol>
      <symbol id="sm-907">
         <name>SwiP_disable</name>
         <value>0x2000f6d9</value>
         <object_component_ref idref="oc-5c4"/>
      </symbol>
      <symbol id="sm-908">
         <name>SwiP_restore</name>
         <value>0x2000ed31</value>
         <object_component_ref idref="oc-604"/>
      </symbol>
      <symbol id="sm-91b">
         <name>CPUprimask</name>
         <value>0x2000fa75</value>
         <object_component_ref idref="oc-6b7"/>
      </symbol>
      <symbol id="sm-91c">
         <name>CPUcpsid</name>
         <value>0x2000f85f</value>
         <object_component_ref idref="oc-a3"/>
      </symbol>
      <symbol id="sm-961">
         <name>IntVTableBaseSet</name>
         <value>0x2000f889</value>
         <object_component_ref idref="oc-af"/>
      </symbol>
      <symbol id="sm-962">
         <name>IntEnable</name>
         <value>0x2000da55</value>
         <object_component_ref idref="oc-b5"/>
      </symbol>
      <symbol id="sm-963">
         <name>IntMasterDisable</name>
         <value>0x2000fa93</value>
         <object_component_ref idref="oc-53"/>
      </symbol>
      <symbol id="sm-964">
         <name>IntPendSet</name>
         <value>0x2000df25</value>
         <object_component_ref idref="oc-7a1"/>
      </symbol>
      <symbol id="sm-99e">
         <name>PinModeGet</name>
         <value>0x2000f1e5</value>
         <object_component_ref idref="oc-25b"/>
      </symbol>
      <symbol id="sm-99f">
         <name>PinConfigSet</name>
         <value>0x2000dfad</value>
         <object_component_ref idref="oc-2b4"/>
      </symbol>
      <symbol id="sm-9a0">
         <name>PinModeSet</name>
         <value>0x2000ee3d</value>
         <object_component_ref idref="oc-261"/>
      </symbol>
      <symbol id="sm-9a1">
         <name>PinToPadGet</name>
         <value>0x2000f6bd</value>
         <object_component_ref idref="oc-4b6"/>
      </symbol>
      <symbol id="sm-a6a">
         <name>PRCMLPDSRestoreInfoSet</name>
         <value>0x2000ec65</value>
         <object_component_ref idref="oc-783"/>
      </symbol>
      <symbol id="sm-a6b">
         <name>PRCMPeripheralReset</name>
         <value>0x2000e79d</value>
         <object_component_ref idref="oc-24f"/>
      </symbol>
      <symbol id="sm-a6c">
         <name>PRCMLPDSEnter</name>
         <value>0x2000eb01</value>
         <object_component_ref idref="oc-719"/>
      </symbol>
      <symbol id="sm-a6d">
         <name>PRCMPeripheralClkEnable</name>
         <value>0x2000eb49</value>
         <object_component_ref idref="oc-249"/>
      </symbol>
      <symbol id="sm-a6e">
         <name>PRCMLPDSEnterKeepDebugIf</name>
         <value>0x2000f02d</value>
         <object_component_ref idref="oc-71f"/>
      </symbol>
      <symbol id="sm-a6f">
         <name>PRCMCC3200MCUInit</name>
         <value>0x2000c041</value>
         <object_component_ref idref="oc-1c5"/>
      </symbol>
      <symbol id="sm-a70">
         <name>PRCMHIBRegWrite</name>
         <value>0x2000f81f</value>
         <object_component_ref idref="oc-23d"/>
      </symbol>
      <symbol id="sm-a71">
         <name>PRCMSysResetCauseGet</name>
         <value>0x2000e681</value>
         <object_component_ref idref="oc-236"/>
      </symbol>
      <symbol id="sm-a72">
         <name>PRCMPeripheralClkDisable</name>
         <value>0x2000f461</value>
         <object_component_ref idref="oc-255"/>
      </symbol>
      <symbol id="sm-a73">
         <name>PRCMHIBRegRead</name>
         <value>0x2000f809</value>
         <object_component_ref idref="oc-243"/>
      </symbol>
      <symbol id="sm-ab0">
         <name>UARTDisable</name>
         <value>0x2000f3b1</value>
         <object_component_ref idref="oc-48c"/>
      </symbol>
      <symbol id="sm-ab1">
         <name>UARTIntEnable</name>
         <value>0x2000f7d9</value>
         <object_component_ref idref="oc-4cf"/>
      </symbol>
      <symbol id="sm-ab2">
         <name>UARTIntDisable</name>
         <value>0x2000f7c1</value>
         <object_component_ref idref="oc-47a"/>
      </symbol>
      <symbol id="sm-ab3">
         <name>UARTRxErrorGet</name>
         <value>0x2000f8fb</value>
         <object_component_ref idref="oc-50b"/>
      </symbol>
      <symbol id="sm-ab4">
         <name>UARTEnable</name>
         <value>0x2000f595</value>
         <object_component_ref idref="oc-4c9"/>
      </symbol>
      <symbol id="sm-ab5">
         <name>UARTIntClear</name>
         <value>0x2000f8e9</value>
         <object_component_ref idref="oc-4c3"/>
      </symbol>
      <symbol id="sm-ab6">
         <name>UARTDMADisable</name>
         <value>0x2000f7a9</value>
         <object_component_ref idref="oc-480"/>
      </symbol>
      <symbol id="sm-ae9">
         <name>uDMAChannelIsEnabled</name>
         <value>0x2000f4d9</value>
         <object_component_ref idref="oc-517"/>
      </symbol>
      <symbol id="sm-aea">
         <name>uDMAErrorStatusGet</name>
         <value>0x2000fa69</value>
         <object_component_ref idref="oc-7b0"/>
      </symbol>
      <symbol id="sm-aeb">
         <name>uDMAErrorStatusClear</name>
         <value>0x2000fa5d</value>
         <object_component_ref idref="oc-7b6"/>
      </symbol>
      <symbol id="sm-aec">
         <name>uDMAChannelAttributeDisable</name>
         <value>0x2000e5bd</value>
         <object_component_ref idref="oc-4d5"/>
      </symbol>
      <symbol id="sm-af0">
         <name>UtilsDelay</name>
         <value>0x2000fab1</value>
         <object_component_ref idref="oc-23c"/>
      </symbol>
      <symbol id="sm-b00">
         <name>FlashDisable</name>
         <value>0x2000ea29</value>
         <object_component_ref idref="oc-799"/>
      </symbol>
      <symbol id="sm-b09">
         <name>__aeabi_lmul</name>
         <value>0x2000f7f1</value>
         <object_component_ref idref="oc-5f3"/>
      </symbol>
      <symbol id="sm-b24">
         <name>memcpy</name>
         <value>0x2000dc45</value>
         <object_component_ref idref="oc-3b"/>
      </symbol>
      <symbol id="sm-b25">
         <name>__aeabi_memcpy</name>
         <value>0x2000dc45</value>
         <object_component_ref idref="oc-3b"/>
      </symbol>
      <symbol id="sm-b26">
         <name>__aeabi_memcpy8</name>
         <value>0x2000dc45</value>
         <object_component_ref idref="oc-3b"/>
      </symbol>
      <symbol id="sm-b27">
         <name>__aeabi_memcpy4</name>
         <value>0x2000dc45</value>
         <object_component_ref idref="oc-3b"/>
      </symbol>
      <symbol id="sm-b34">
         <name>__aeabi_uldivmod</name>
         <value>0x2000dce1</value>
         <object_component_ref idref="oc-5e8"/>
      </symbol>
      <symbol id="sm-b46">
         <name>__TI_zero_init</name>
         <value>0x2000fa45</value>
         <object_component_ref idref="oc-4d"/>
      </symbol>
      <symbol id="sm-b5d">
         <name>__TI_decompress_none</name>
         <value>0x2000f9f9</value>
         <object_component_ref idref="oc-1a"/>
      </symbol>
      <symbol id="sm-b80">
         <name>__TI_decompress_lzss</name>
         <value>0x2000e48d</value>
         <object_component_ref idref="oc-14"/>
      </symbol>
      <symbol id="sm-c09">
         <name>_sys_memory</name>
         <value>0x20004040</value>
         <object_component_ref idref="oc-2a"/>
      </symbol>
      <symbol id="sm-c0a">
         <name>free</name>
         <value>0x2000d719</value>
         <object_component_ref idref="oc-3e3"/>
      </symbol>
      <symbol id="sm-c0b">
         <name>memalign</name>
         <value>0x2000d449</value>
         <object_component_ref idref="oc-64f"/>
      </symbol>
      <symbol id="sm-c0c">
         <name>malloc</name>
         <value>0x2000fa9d</value>
         <object_component_ref idref="oc-43c"/>
      </symbol>
      <symbol id="sm-c0d">
         <name>aligned_alloc</name>
         <value>0x2000d449</value>
         <object_component_ref idref="oc-64f"/>
      </symbol>
      <symbol id="sm-c1f">
         <name>__stack</name>
         <value>0x20003000</value>
         <object_component_ref idref="oc-2d"/>
      </symbol>
      <symbol id="sm-c20">
         <name>_c_int00_noargs</name>
         <value>0x2000f5b9</value>
         <object_component_ref idref="oc-c5"/>
      </symbol>
      <symbol id="sm-c2a">
         <name>__aeabi_idiv0</name>
         <value>0x2000f72b</value>
         <object_component_ref idref="oc-6ea"/>
      </symbol>
      <symbol id="sm-c2b">
         <name>__aeabi_ldiv0</name>
         <value>0x2000f72b</value>
         <object_component_ref idref="oc-6ea"/>
      </symbol>
      <symbol id="sm-c3a">
         <name>__aeabi_memset</name>
         <value>0x2000e2bb</value>
         <object_component_ref idref="oc-9d"/>
      </symbol>
      <symbol id="sm-c3b">
         <name>memset</name>
         <value>0x2000e2c1</value>
         <object_component_ref idref="oc-9d"/>
      </symbol>
      <symbol id="sm-c3c">
         <name>__aeabi_memset8</name>
         <value>0x2000e2bb</value>
         <object_component_ref idref="oc-9d"/>
      </symbol>
      <symbol id="sm-c3d">
         <name>__aeabi_memset4</name>
         <value>0x2000e2bb</value>
         <object_component_ref idref="oc-9d"/>
      </symbol>
      <symbol id="sm-c3e">
         <name>__aeabi_memclr8</name>
         <value>0x2000e2b9</value>
         <object_component_ref idref="oc-9d"/>
      </symbol>
      <symbol id="sm-c3f">
         <name>__aeabi_memclr4</name>
         <value>0x2000e2b9</value>
         <object_component_ref idref="oc-9d"/>
      </symbol>
      <symbol id="sm-c40">
         <name>__aeabi_memclr</name>
         <value>0x2000e2b9</value>
         <object_component_ref idref="oc-9d"/>
      </symbol>
      <symbol id="sm-c68">
         <name>__TI_auto_init_nobinit_nopinit</name>
         <value>0x2000edb9</value>
         <object_component_ref idref="oc-177"/>
      </symbol>
      <symbol id="sm-c72">
         <name>_system_pre_init</name>
         <value>0x2000fac7</value>
         <object_component_ref idref="oc-119"/>
      </symbol>
      <symbol id="sm-c7e">
         <name>C$$EXIT</name>
         <value>0x2000facb</value>
         <object_component_ref idref="oc-16b"/>
      </symbol>
      <symbol id="sm-c7f">
         <name>abort</name>
         <value>0x2000facb</value>
         <object_component_ref idref="oc-16b"/>
      </symbol>
      <symbol id="sm-c94">
         <name>_nop</name>
         <value>0x2000ec1f</value>
         <object_component_ref idref="oc-387"/>
      </symbol>
      <symbol id="sm-c95">
         <name>_lock</name>
         <value>0x20010ae8</value>
         <object_component_ref idref="oc-20e"/>
      </symbol>
      <symbol id="sm-c96">
         <name>_unlock</name>
         <value>0x20010aec</value>
         <object_component_ref idref="oc-20e"/>
      </symbol>
      <symbol id="sm-c98">
         <name>__TI_static_base__</name>
         <value>0x2000fad0</value>
      </symbol>
      <symbol id="sm-c9b">
         <name>ITM_flush</name>
         <value>0x0</value>
      </symbol>
      <symbol id="sm-c9c">
         <name>ITM_restore</name>
         <value>0x0</value>
      </symbol>
      <symbol id="sm-c9d">
         <name>__mpu_init</name>
         <value>0x0</value>
      </symbol>
      <symbol id="sm-c9e">
         <name>_system_post_cinit</name>
         <value>0x0</value>
      </symbol>
      <symbol id="sm-c9f">
         <name>NoRTOS_start</name>
         <value>0x2000f9dd</value>
      </symbol>
   </symbol_table>
   <title>Link successful</title>
</link_info>
